Archive member included to satisfy reference by file (symbol)

/home/gabriel/intelFPGA_lite/20.1/nios2eds/bin/gnu/H-x86_64-pc-linux-gnu/bin/../lib/gcc/nios2-elf/9.2.1/../../../../../H-x86_64-pc-linux-gnu/nios2-elf/lib/libc.a(lib_a-puts.o)
                              obj/default/hello_world.o (puts)
/home/gabriel/intelFPGA_lite/20.1/nios2eds/bin/gnu/H-x86_64-pc-linux-gnu/bin/../lib/gcc/nios2-elf/9.2.1/../../../../../H-x86_64-pc-linux-gnu/nios2-elf/lib/libc.a(lib_a-strlen.o)
                              /home/gabriel/intelFPGA_lite/20.1/nios2eds/bin/gnu/H-x86_64-pc-linux-gnu/bin/../lib/gcc/nios2-elf/9.2.1/../../../../../H-x86_64-pc-linux-gnu/nios2-elf/lib/libc.a(lib_a-puts.o) (strlen)
/home/gabriel/intelFPGA_lite/20.1/nios2eds/bin/gnu/H-x86_64-pc-linux-gnu/bin/../lib/gcc/nios2-elf/9.2.1/../../../../../H-x86_64-pc-linux-gnu/nios2-elf/lib/libc.a(lib_a-findfp.o)
                              /home/gabriel/intelFPGA_lite/20.1/nios2eds/bin/gnu/H-x86_64-pc-linux-gnu/bin/../lib/gcc/nios2-elf/9.2.1/../../../../../H-x86_64-pc-linux-gnu/nios2-elf/lib/libc.a(lib_a-puts.o) (__sinit)
/home/gabriel/intelFPGA_lite/20.1/nios2eds/bin/gnu/H-x86_64-pc-linux-gnu/bin/../lib/gcc/nios2-elf/9.2.1/../../../../../H-x86_64-pc-linux-gnu/nios2-elf/lib/libc.a(lib_a-fvwrite.o)
                              /home/gabriel/intelFPGA_lite/20.1/nios2eds/bin/gnu/H-x86_64-pc-linux-gnu/bin/../lib/gcc/nios2-elf/9.2.1/../../../../../H-x86_64-pc-linux-gnu/nios2-elf/lib/libc.a(lib_a-puts.o) (__sfvwrite_r)
/home/gabriel/intelFPGA_lite/20.1/nios2eds/bin/gnu/H-x86_64-pc-linux-gnu/bin/../lib/gcc/nios2-elf/9.2.1/../../../../../H-x86_64-pc-linux-gnu/nios2-elf/lib/libc.a(lib_a-fwalk.o)
                              /home/gabriel/intelFPGA_lite/20.1/nios2eds/bin/gnu/H-x86_64-pc-linux-gnu/bin/../lib/gcc/nios2-elf/9.2.1/../../../../../H-x86_64-pc-linux-gnu/nios2-elf/lib/libc.a(lib_a-findfp.o) (_fwalk)
/home/gabriel/intelFPGA_lite/20.1/nios2eds/bin/gnu/H-x86_64-pc-linux-gnu/bin/../lib/gcc/nios2-elf/9.2.1/../../../../../H-x86_64-pc-linux-gnu/nios2-elf/lib/libc.a(lib_a-impure.o)
                              /home/gabriel/intelFPGA_lite/20.1/nios2eds/bin/gnu/H-x86_64-pc-linux-gnu/bin/../lib/gcc/nios2-elf/9.2.1/../../../../../H-x86_64-pc-linux-gnu/nios2-elf/lib/libc.a(lib_a-findfp.o) (_global_impure_ptr)
/home/gabriel/intelFPGA_lite/20.1/nios2eds/bin/gnu/H-x86_64-pc-linux-gnu/bin/../lib/gcc/nios2-elf/9.2.1/../../../../../H-x86_64-pc-linux-gnu/nios2-elf/lib/libc.a(lib_a-mallocr.o)
                              /home/gabriel/intelFPGA_lite/20.1/nios2eds/bin/gnu/H-x86_64-pc-linux-gnu/bin/../lib/gcc/nios2-elf/9.2.1/../../../../../H-x86_64-pc-linux-gnu/nios2-elf/lib/libc.a(lib_a-findfp.o) (_malloc_r)
/home/gabriel/intelFPGA_lite/20.1/nios2eds/bin/gnu/H-x86_64-pc-linux-gnu/bin/../lib/gcc/nios2-elf/9.2.1/../../../../../H-x86_64-pc-linux-gnu/nios2-elf/lib/libc.a(lib_a-memchr.o)
                              /home/gabriel/intelFPGA_lite/20.1/nios2eds/bin/gnu/H-x86_64-pc-linux-gnu/bin/../lib/gcc/nios2-elf/9.2.1/../../../../../H-x86_64-pc-linux-gnu/nios2-elf/lib/libc.a(lib_a-fvwrite.o) (memchr)
/home/gabriel/intelFPGA_lite/20.1/nios2eds/bin/gnu/H-x86_64-pc-linux-gnu/bin/../lib/gcc/nios2-elf/9.2.1/../../../../../H-x86_64-pc-linux-gnu/nios2-elf/lib/libc.a(lib_a-memcpy.o)
                              /home/gabriel/intelFPGA_lite/20.1/nios2eds/bin/gnu/H-x86_64-pc-linux-gnu/bin/../lib/gcc/nios2-elf/9.2.1/../../../../../H-x86_64-pc-linux-gnu/nios2-elf/lib/libc.a(lib_a-fvwrite.o) (memcpy)
/home/gabriel/intelFPGA_lite/20.1/nios2eds/bin/gnu/H-x86_64-pc-linux-gnu/bin/../lib/gcc/nios2-elf/9.2.1/../../../../../H-x86_64-pc-linux-gnu/nios2-elf/lib/libc.a(lib_a-memmove.o)
                              /home/gabriel/intelFPGA_lite/20.1/nios2eds/bin/gnu/H-x86_64-pc-linux-gnu/bin/../lib/gcc/nios2-elf/9.2.1/../../../../../H-x86_64-pc-linux-gnu/nios2-elf/lib/libc.a(lib_a-fvwrite.o) (memmove)
/home/gabriel/intelFPGA_lite/20.1/nios2eds/bin/gnu/H-x86_64-pc-linux-gnu/bin/../lib/gcc/nios2-elf/9.2.1/../../../../../H-x86_64-pc-linux-gnu/nios2-elf/lib/libc.a(lib_a-memset.o)
                              /home/gabriel/intelFPGA_lite/20.1/nios2eds/bin/gnu/H-x86_64-pc-linux-gnu/bin/../lib/gcc/nios2-elf/9.2.1/../../../../../H-x86_64-pc-linux-gnu/nios2-elf/lib/libc.a(lib_a-findfp.o) (memset)
/home/gabriel/intelFPGA_lite/20.1/nios2eds/bin/gnu/H-x86_64-pc-linux-gnu/bin/../lib/gcc/nios2-elf/9.2.1/../../../../../H-x86_64-pc-linux-gnu/nios2-elf/lib/libc.a(lib_a-reallocr.o)
                              /home/gabriel/intelFPGA_lite/20.1/nios2eds/bin/gnu/H-x86_64-pc-linux-gnu/bin/../lib/gcc/nios2-elf/9.2.1/../../../../../H-x86_64-pc-linux-gnu/nios2-elf/lib/libc.a(lib_a-fvwrite.o) (_realloc_r)
/home/gabriel/intelFPGA_lite/20.1/nios2eds/bin/gnu/H-x86_64-pc-linux-gnu/bin/../lib/gcc/nios2-elf/9.2.1/../../../../../H-x86_64-pc-linux-gnu/nios2-elf/lib/libc.a(lib_a-sbrkr.o)
[...]
Memory Configuration

Name             Origin             Length             Attributes
reset            0x0000000000040000 0x0000000000000020
onchip_memory2_0 0x0000000000040020 0x00000000000249d0
*default*        0x0000000000000000 0xffffffffffffffff

Linker script and memory map

LOAD ../niosLab2_bsp//obj/HAL/src/crt0.o
LOAD obj/default/hello_world.o
LOAD /home/gabriel/intelFPGA_lite/20.1/nios2eds/bin/gnu/H-x86_64-pc-linux-gnu/bin/../lib/gcc/nios2-elf/9.2.1/../../../../../H-x86_64-pc-linux-gnu/nios2-elf/lib/libstdc++.a
LOAD /home/gabriel/intelFPGA_lite/20.1/nios2eds/bin/gnu/H-x86_64-pc-linux-gnu/bin/../lib/gcc/nios2-elf/9.2.1/../../../../../H-x86_64-pc-linux-gnu/nios2-elf/lib/libm.a
LOAD /home/gabriel/intelFPGA_lite/20.1/nios2eds/bin/gnu/H-x86_64-pc-linux-gnu/bin/../lib/gcc/nios2-elf/9.2.1/libgcc.a
START GROUP
LOAD /home/gabriel/intelFPGA_lite/20.1/nios2eds/bin/gnu/H-x86_64-pc-linux-gnu/bin/../lib/gcc/nios2-elf/9.2.1/../../../../../H-x86_64-pc-linux-gnu/nios2-elf/lib/libc.a
LOAD /home/gabriel/intelFPGA_lite/20.1/nios2eds/bin/gnu/H-x86_64-pc-linux-gnu/bin/../lib/gcc/nios2-elf/9.2.1/libgcc.a
LOAD ../niosLab2_bsp//libhal_bsp.a
LOAD /home/gabriel/intelFPGA_lite/20.1/nios2eds/bin/gnu/H-x86_64-pc-linux-gnu/bin/../lib/gcc/nios2-elf/9.2.1/../../../../../H-x86_64-pc-linux-gnu/nios2-elf/lib/libm.a
END GROUP
LOAD /home/gabriel/intelFPGA_lite/20.1/nios2eds/bin/gnu/H-x86_64-pc-linux-gnu/bin/../lib/gcc/nios2-elf/9.2.1/libgcc.a
                0x0000000000040000                __alt_mem_onchip_memory2_0 = 0x40000

.entry          0x0000000000040000       0x20
 *(.entry)
 .entry         0x0000000000040000       0x20 ../niosLab2_bsp//obj/HAL/src/crt0.o
                0x0000000000040000                __reset

.exceptions     0x0000000000040020        0x0
                0x0000000000040020                PROVIDE (__ram_exceptions_start = ABSOLUTE (.))
                0x0000000000040020                . = ALIGN (0x20)
 *(.irq)
 *(.exceptions.entry.label)
 *(.exceptions.entry.user)
 *(.exceptions.entry.ecc_fatal)
 *(.exceptions.entry)
 *(.exceptions.irqtest.user)
 *(.exceptions.irqtest)
 *(.exceptions.irqhandler.user)
 *(.exceptions.irqhandler)
 *(.exceptions.irqreturn.user)
 *(.exceptions.irqreturn)
 *(.exceptions.notirq.label)
 *(.exceptions.notirq.user)
 *(.exceptions.notirq)
 *(.exceptions.soft.user)
 *(.exceptions.soft)
 *(.exceptions.unknown.user)
 *(.exceptions.unknown)
 *(.exceptions.exit.label)
 *(.exceptions.exit.user)
 *(.exceptions.exit)
 *(.exceptions)
                0x0000000000040020                PROVIDE (__ram_exceptions_end = ABSOLUTE (.))
                0x0000000000040020                PROVIDE (__flash_exceptions_start = LOADADDR (.exceptions))

.text           0x0000000000040020     0x4640
                [!provide]                        PROVIDE (stext = ABSOLUTE (.))
 *(.interp)
 *(.hash)
 *(.dynsym)
 *(.dynstr)
 *(.gnu.version)
 *(.gnu.version_d)
 *(.gnu.version_r)
 *(.rel.init)
 *(.rela.init)
 *(.rel.text .rel.text.* .rel.gnu.linkonce.t.*)
 *(.rela.text .rela.text.* .rela.gnu.linkonce.t.*)
 *(.rel.fini)
 *(.rela.fini)
 *(.rel.rodata .rel.rodata.* .rel.gnu.linkonce.r.*)
 *(.rela.rodata .rela.rodata.* .rela.gnu.linkonce.r.*)
 *(.rel.data .rel.data.* .rel.gnu.linkonce.d.*)
 *(.rela.data .rela.data.* .rela.gnu.linkonce.d.*)
 *(.rel.tdata .rel.tdata.* .rel.gnu.linkonce.td.*)
 *(.rela.tdata .rela.tdata.* .rela.gnu.linkonce.td.*)
 *(.rel.tbss .rel.tbss.* .rel.gnu.linkonce.tb.*)
 *(.rela.tbss .rela.tbss.* .rela.gnu.linkonce.tb.*)
 *(.rel.ctors)
 *(.rela.ctors)
 *(.rel.dtors)
 *(.rela.dtors)
 *(.rel.got)
 *(.rela.got)
 *(.rel.sdata .rel.sdata.* .rel.gnu.linkonce.s.*)
 *(.rela.sdata .rela.sdata.* .rela.gnu.linkonce.s.*)
 *(.rel.sbss .rel.sbss.* .rel.gnu.linkonce.sb.*)
 *(.rela.sbss .rela.sbss.* .rela.gnu.linkonce.sb.*)
 *(.rel.sdata2 .rel.sdata2.* .rel.gnu.linkonce.s2.*)
 *(.rela.sdata2 .rela.sdata2.* .rela.gnu.linkonce.s2.*)
 *(.rel.sbss2 .rel.sbss2.* .rel.gnu.linkonce.sb2.*)
 *(.rela.sbss2 .rela.sbss2.* .rela.gnu.linkonce.sb2.*)
 *(.rel.bss .rel.bss.* .rel.gnu.linkonce.b.*)
 *(.rela.bss .rela.bss.* .rela.gnu.linkonce.b.*)
 *(.rel.plt)
 *(.rela.plt)
 *(.rel.dyn)
 *(.init)
 *(.plt)
 *(.text .stub .text.* .gnu.linkonce.t.*)
 .text          0x0000000000040020       0x4c ../niosLab2_bsp//obj/HAL/src/crt0.o
                0x0000000000040020                _start
 .text          0x000000000004006c       0xa0 obj/default/hello_world.o
                0x000000000004006c                delay
                0x00000000000400b0                main
 .text          0x000000000004010c        0x0 /home/gabriel/intelFPGA_lite/20.1/nios2eds/bin/gnu/H-x86_64-pc-linux-gnu/bin/../lib/gcc/nios2-elf/9.2.1/../../../../../H-x86_64-pc-linux-gnu/nios2-elf/lib/libc.a(lib_a-puts.o)
 .text._puts_r  0x000000000004010c       0xcc /home/gabriel/intelFPGA_lite/20.1/nios2eds/bin/gnu/H-x86_64-pc-linux-gnu/bin/../lib/gcc/nios2-elf/9.2.1/../../../../../H-x86_64-pc-linux-gnu/nios2-elf/lib/libc.a(lib_a-puts.o)
                0x000000000004010c                _puts_r
 .text.puts     0x00000000000401d8       0x10 /home/gabriel/intelFPGA_lite/20.1/nios2eds/bin/gnu/H-x86_64-pc-linux-gnu/bin/../lib/gcc/nios2-elf/9.2.1/../../../../../H-x86_64-pc-linux-gnu/nios2-elf/lib/libc.a(lib_a-puts.o)
                0x00000000000401d8                puts
 .text          0x00000000000401e8        0x0 /home/gabriel/intelFPGA_lite/20.1/nios2eds/bin/gnu/H-x86_64-pc-linux-gnu/bin/../lib/gcc/nios2-elf/9.2.1/../../../../../H-x86_64-pc-linux-gnu/nios2-elf/lib/libc.a(lib_a-strlen.o)
 .text.strlen   0x00000000000401e8       0x98 /home/gabriel/intelFPGA_lite/20.1/nios2eds/bin/gnu/H-x86_64-pc-linux-gnu/bin/../lib/gcc/nios2-elf/9.2.1/../../../../../H-x86_64-pc-linux-gnu/nios2-elf/lib/libc.a(lib_a-strlen.o)
                0x00000000000401e8                strlen
 .text          0x0000000000040280        0x0 /home/gabriel/intelFPGA_lite/20.1/nios2eds/bin/gnu/H-x86_64-pc-linux-gnu/bin/../lib/gcc/nios2-elf/9.2.1/../../../../../H-x86_64-pc-linux-gnu/nios2-elf/lib/libc.a(lib_a-findfp.o)
 .text.__fp_lock
                0x0000000000040280        0x8 /home/gabriel/intelFPGA_lite/20.1/nios2eds/bin/gnu/H-x86_64-pc-linux-gnu/bin/../lib/gcc/nios2-elf/9.2.1/../../../../../H-x86_64-pc-linux-gnu/nios2-elf/lib/libc.a(lib_a-findfp.o)
 .text._cleanup_r
                0x0000000000040288        0xc /home/gabriel/intelFPGA_lite/20.1/nios2eds/bin/gnu/H-x86_64-pc-linux-gnu/bin/../lib/gcc/nios2-elf/9.2.1/../../../../../H-x86_64-pc-linux-gnu/nios2-elf/lib/libc.a(lib_a-findfp.o)
                0x0000000000040288                _cleanup_r
 .text.__sinit.part.0
                0x0000000000040294      0x168 /home/gabriel/intelFPGA_lite/20.1/nios2eds/bin/gnu/H-x86_64-pc-linux-gnu/bin/../lib/gcc/nios2-elf/9.2.1/../../../../../H-x86_64-pc-linux-gnu/nios2-elf/lib/libc.a(lib_a-findfp.o)
 .text.__fp_unlock
                0x00000000000403fc        0x8 /home/gabriel/intelFPGA_lite/20.1/nios2eds/bin/gnu/H-x86_64-pc-linux-gnu/bin/../lib/gcc/nios2-elf/9.2.1/../../../../../H-x86_64-pc-linux-gnu/nios2-elf/lib/libc.a(lib_a-findfp.o)
 .text.__sfmoreglue
                0x0000000000040404       0x68 /home/gabriel/intelFPGA_lite/20.1/nios2eds/bin/gnu/H-x86_64-pc-linux-gnu/bin/../lib/gcc/nios2-elf/9.2.1/../../../../../H-x86_64-pc-linux-gnu/nios2-elf/lib/libc.a(lib_a-findfp.o)
                0x0000000000040404                __sfmoreglue
 .text.__sfp    0x000000000004046c       0xfc /home/gabriel/intelFPGA_lite/20.1/nios2eds/bin/gnu/H-x86_64-pc-linux-gnu/bin/../lib/gcc/nios2-elf/9.2.1/../../../../../H-x86_64-pc-linux-gnu/nios2-elf/lib/libc.a(lib_a-findfp.o)
                0x000000000004046c                __sfp
 .text._cleanup
                0x0000000000040568       0x14 /home/gabriel/intelFPGA_lite/20.1/nios2eds/bin/gnu/H-x86_64-pc-linux-gnu/bin/../lib/gcc/nios2-elf/9.2.1/../../../../../H-x86_64-pc-linux-gnu/nios2-elf/lib/libc.a(lib_a-findfp.o)
                0x0000000000040568                _cleanup
 .text.__sinit  0x000000000004057c       0x10 /home/gabriel/intelFPGA_lite/20.1/nios2eds/bin/gnu/H-x86_64-pc-linux-gnu/bin/../lib/gcc/nios2-elf/9.2.1/../../../../../H-x86_64-pc-linux-gnu/nios2-elf/lib/libc.a(lib_a-findfp.o)
                0x000000000004057c                __sinit
 .text.__sfp_lock_acquire
                0x000000000004058c        0x4 /home/gabriel/intelFPGA_lite/20.1/nios2eds/bin/gnu/H-x86_64-pc-linux-gnu/bin/../lib/gcc/nios2-elf/9.2.1/../../../../../H-x86_64-pc-linux-gnu/nios2-elf/lib/libc.a(lib_a-findfp.o)
                0x000000000004058c                __sfp_lock_acquire
 .text.__sfp_lock_release
                0x0000000000040590        0x4 /home/gabriel/intelFPGA_lite/20.1/nios2eds/bin/gnu/H-x86_64-pc-linux-gnu/bin/../lib/gcc/nios2-elf/9.2.1/../../../../../H-x86_64-pc-linux-gnu/nios2-elf/lib/libc.a(lib_a-findfp.o)
                0x0000000000040590                __sfp_lock_release
 .text.__sinit_lock_acquire
                0x0000000000040594        0x4 /home/gabriel/intelFPGA_lite/20.1/nios2eds/bin/gnu/H-x86_64-pc-linux-gnu/bin/../lib/gcc/nios2-elf/9.2.1/../../../../../H-x86_64-pc-linux-gnu/nios2-elf/lib/libc.a(lib_a-findfp.o)
                0x0000000000040594                __sinit_lock_acquire
 .text.__sinit_lock_release
                0x0000000000040598        0x4 /home/gabriel/intelFPGA_lite/20.1/nios2eds/bin/gnu/H-x86_64-pc-linux-gnu/bin/../lib/gcc/nios2-elf/9.2.1/../../../../../H-x86_64-pc-linux-gnu/nios2-elf/lib/libc.a(lib_a-findfp.o)
                0x0000000000040598                __sinit_lock_release
 .text.__fp_lock_all
                0x000000000004059c       0x14 /home/gabriel/intelFPGA_lite/20.1/nios2eds/bin/gnu/H-x86_64-pc-linux-gnu/bin/../lib/gcc/nios2-elf/9.2.1/../../../../../H-x86_64-pc-linux-gnu/nios2-elf/lib/libc.a(lib_a-findfp.o)
                0x000000000004059c                __fp_lock_all
 .text.__fp_unlock_all
                0x00000000000405b0       0x14 /home/gabriel/intelFPGA_lite/20.1/nios2eds/bin/gnu/H-x86_64-pc-linux-gnu/bin/../lib/gcc/nios2-elf/9.2.1/../../../../../H-x86_64-pc-linux-gnu/nios2-elf/lib/libc.a(lib_a-findfp.o)
                0x00000000000405b0                __fp_unlock_all
 .text          0x00000000000405c4        0x0 /home/gabriel/intelFPGA_lite/20.1/nios2eds/bin/gnu/H-x86_64-pc-linux-gnu/bin/../lib/gcc/nios2-elf/9.2.1/../../../../../H-x86_64-pc-linux-gnu/nios2-elf/lib/libc.a(lib_a-fvwrite.o)
 .text.__sfvwrite_r
                0x00000000000405c4      0x4bc /home/gabriel/intelFPGA_lite/20.1/nios2eds/bin/gnu/H-x86_64-pc-linux-gnu/bin/../lib/gcc/nios2-elf/9.2.1/../../../../../H-x86_64-pc-linux-gnu/nios2-elf/lib/libc.a(lib_a-fvwrite.o)
                0x00000000000405c4                __sfvwrite_r
 .text          0x0000000000040a80        0x0 /home/gabriel/intelFPGA_lite/20.1/nios2eds/bin/gnu/H-x86_64-pc-linux-gnu/bin/../lib/gcc/nios2-elf/9.2.1/../../../../../H-x86_64-pc-linux-gnu/nios2-elf/lib/libc.a(lib_a-fwalk.o)
 .text._fwalk   0x0000000000040a80       0x98 /home/gabriel/intelFPGA_lite/20.1/nios2eds/bin/gnu/H-x86_64-pc-linux-gnu/bin/../lib/gcc/nios2-elf/9.2.1/../../../../../H-x86_64-pc-linux-gnu/nios2-elf/lib/libc.a(lib_a-fwalk.o)
                0x0000000000040a80                _fwalk
 .text._fwalk_reent
                0x0000000000040b18       0xa8 /home/gabriel/intelFPGA_lite/20.1/nios2eds/bin/gnu/H-x86_64-pc-linux-gnu/bin/../lib/gcc/nios2-elf/9.2.1/../../../../../H-x86_64-pc-linux-gnu/nios2-elf/lib/libc.a(lib_a-fwalk.o)
                0x0000000000040b18                _fwalk_reent
 .text          0x0000000000040bc0        0x0 /home/gabriel/intelFPGA_lite/20.1/nios2eds/bin/gnu/H-x86_64-pc-linux-gnu/bin/../lib/gcc/nios2-elf/9.2.1/../../../../../H-x86_64-pc-linux-gnu/nios2-elf/lib/libc.a(lib_a-impure.o)
 .text          0x0000000000040bc0        0x0 /home/gabriel/intelFPGA_lite/20.1/nios2eds/bin/gnu/H-x86_64-pc-linux-gnu/bin/../lib/gcc/nios2-elf/9.2.1/../../../../../H-x86_64-pc-linux-gnu/nios2-elf/lib/libc.a(lib_a-mallocr.o)
 .text._malloc_r
                0x0000000000040bc0      0x7e0 /home/gabriel/intelFPGA_lite/20.1/nios2eds/bin/gnu/H-x86_64-pc-linux-gnu/bin/../lib/gcc/nios2-elf/9.2.1/../../../../../H-x86_64-pc-linux-gnu/nios2-elf/lib/libc.a(lib_a-mallocr.o)
                0x0000000000040bc0                _malloc_r
 .text          0x00000000000413a0        0x0 /home/gabriel/intelFPGA_lite/20.1/nios2eds/bin/gnu/H-x86_64-pc-linux-gnu/bin/../lib/gcc/nios2-elf/9.2.1/../../../../../H-x86_64-pc-linux-gnu/nios2-elf/lib/libc.a(lib_a-memchr.o)
 .text.memchr   0x00000000000413a0       0xd4 /home/gabriel/intelFPGA_lite/20.1/nios2eds/bin/gnu/H-x86_64-pc-linux-gnu/bin/../lib/gcc/nios2-elf/9.2.1/../../../../../H-x86_64-pc-linux-gnu/nios2-elf/lib/libc.a(lib_a-memchr.o)
                0x00000000000413a0                memchr
 .text          0x0000000000041474        0x0 /home/gabriel/intelFPGA_lite/20.1/nios2eds/bin/gnu/H-x86_64-pc-linux-gnu/bin/../lib/gcc/nios2-elf/9.2.1/../../../../../H-x86_64-pc-linux-gnu/nios2-elf/lib/libc.a(lib_a-memcpy.o)
 .text.memcpy   0x0000000000041474      0x100 /home/gabriel/intelFPGA_lite/20.1/nios2eds/bin/gnu/H-x86_64-pc-linux-gnu/bin/../lib/gcc/nios2-elf/9.2.1/../../../../../H-x86_64-pc-linux-gnu/nios2-elf/lib/libc.a(lib_a-memcpy.o)
                0x0000000000041474                memcpy
 .text          0x0000000000041574        0x0 /home/gabriel/intelFPGA_lite/20.1/nios2eds/bin/gnu/H-x86_64-pc-linux-gnu/bin/../lib/gcc/nios2-elf/9.2.1/../../../../../H-x86_64-pc-linux-gnu/nios2-elf/lib/libc.a(lib_a-memmove.o)
 .text.memmove  0x0000000000041574      0x12c /home/gabriel/intelFPGA_lite/20.1/nios2eds/bin/gnu/H-x86_64-pc-linux-gnu/bin/../lib/gcc/nios2-elf/9.2.1/../../../../../H-x86_64-pc-linux-gnu/nios2-elf/lib/libc.a(lib_a-memmove.o)
                0x0000000000041574                memmove
 .text          0x00000000000416a0        0x0 /home/gabriel/intelFPGA_lite/20.1/nios2eds/bin/gnu/H-x86_64-pc-linux-gnu/bin/../lib/gcc/nios2-elf/9.2.1/../../../../../H-x86_64-pc-linux-gnu/nios2-elf/lib/libc.a(lib_a-memset.o)
 .text.memset   0x00000000000416a0       0xf0 /home/gabriel/intelFPGA_lite/20.1/nios2eds/bin/gnu/H-x86_64-pc-linux-gnu/bin/../lib/gcc/nios2-elf/9.2.1/../../../../../H-x86_64-pc-linux-gnu/nios2-elf/lib/libc.a(lib_a-memset.o)
                0x00000000000416a0                memset
 .text          0x0000000000041790        0x0 /home/gabriel/intelFPGA_lite/20.1/nios2eds/bin/gnu/H-x86_64-pc-linux-gnu/bin/../lib/gcc/nios2-elf/9.2.1/../../../../../H-x86_64-pc-linux-gnu/nios2-elf/lib/libc.a(lib_a-reallocr.o)
 .text._realloc_r
                0x0000000000041790      0x564 /home/gabriel/intelFPGA_lite/20.1/nios2eds/bin/gnu/H-x86_64-pc-linux-gnu/bin/../lib/gcc/nios2-elf/9.2.1/../../../../../H-x86_64-pc-linux-gnu/nios2-elf/lib/libc.a(lib_a-reallocr.o)
                0x0000000000041790                _realloc_r
 .text          0x0000000000041cf4        0x0 /home/gabriel/intelFPGA_lite/20.1/nios2eds/bin/gnu/H-x86_64-pc-linux-gnu/bin/../lib/gcc/nios2-elf/9.2.1/../../../../../H-x86_64-pc-linux-gnu/nios2-elf/lib/libc.a(lib_a-sbrkr.o)
 .text._sbrk_r  0x0000000000041cf4       0x58 /home/gabriel/intelFPGA_lite/20.1/nios2eds/bin/gnu/H-x86_64-pc-linux-gnu/bin/../lib/gcc/nios2-elf/9.2.1/../../../../../H-x86_64-pc-linux-gnu/nios2-elf/lib/libc.a(lib_a-sbrkr.o)
                0x0000000000041cf4                _sbrk_r
 .text          0x0000000000041d4c        0x0 /home/gabriel/intelFPGA_lite/20.1/nios2eds/bin/gnu/H-x86_64-pc-linux-gnu/bin/../lib/gcc/nios2-elf/9.2.1/../../../../../H-x86_64-pc-linux-gnu/nios2-elf/lib/libc.a(lib_a-stdio.o)
 .text.__sread  0x0000000000041d4c       0x54 /home/gabriel/intelFPGA_lite/20.1/nios2eds/bin/gnu/H-x86_64-pc-linux-gnu/bin/../lib/gcc/nios2-elf/9.2.1/../../../../../H-x86_64-pc-linux-gnu/nios2-elf/lib/libc.a(lib_a-stdio.o)
                0x0000000000041d4c                __sread
 .text.__seofread
                0x0000000000041da0        0x8 /home/gabriel/intelFPGA_lite/20.1/nios2eds/bin/gnu/H-x86_64-pc-linux-gnu/bin/../lib/gcc/nios2-elf/9.2.1/../../../../../H-x86_64-pc-linux-gnu/nios2-elf/lib/libc.a(lib_a-stdio.o)
                0x0000000000041da0                __seofread
 .text.__swrite
                0x0000000000041da8       0x80 /home/gabriel/intelFPGA_lite/20.1/nios2eds/bin/gnu/H-x86_64-pc-linux-gnu/bin/../lib/gcc/nios2-elf/9.2.1/../../../../../H-x86_64-pc-linux-gnu/nios2-elf/lib/libc.a(lib_a-stdio.o)
                0x0000000000041da8                __swrite
 .text.__sseek  0x0000000000041e28       0x5c /home/gabriel/intelFPGA_lite/20.1/nios2eds/bin/gnu/H-x86_64-pc-linux-gnu/bin/../lib/gcc/nios2-elf/9.2.1/../../../../../H-x86_64-pc-linux-gnu/nios2-elf/lib/libc.a(lib_a-stdio.o)
                0x0000000000041e28                __sseek
 .text.__sclose
                0x0000000000041e84        0x8 /home/gabriel/intelFPGA_lite/20.1/nios2eds/bin/gnu/H-x86_64-pc-linux-gnu/bin/../lib/gcc/nios2-elf/9.2.1/../../../../../H-x86_64-pc-linux-gnu/nios2-elf/lib/libc.a(lib_a-stdio.o)
                0x0000000000041e84                __sclose
 .text          0x0000000000041e8c        0x0 /home/gabriel/intelFPGA_lite/20.1/nios2eds/bin/gnu/H-x86_64-pc-linux-gnu/bin/../lib/gcc/nios2-elf/9.2.1/../../../../../H-x86_64-pc-linux-gnu/nios2-elf/lib/libc.a(lib_a-writer.o)
 .text._write_r
                0x0000000000041e8c       0x64 /home/gabriel/intelFPGA_lite/20.1/nios2eds/bin/gnu/H-x86_64-pc-linux-gnu/bin/../lib/gcc/nios2-elf/9.2.1/../../../../../H-x86_64-pc-linux-gnu/nios2-elf/lib/libc.a(lib_a-writer.o)
                0x0000000000041e8c                _write_r
 .text          0x0000000000041ef0        0x0 /home/gabriel/intelFPGA_lite/20.1/nios2eds/bin/gnu/H-x86_64-pc-linux-gnu/bin/../lib/gcc/nios2-elf/9.2.1/../../../../../H-x86_64-pc-linux-gnu/nios2-elf/lib/libc.a(lib_a-wsetup.o)
 .text.__swsetup_r
                0x0000000000041ef0      0x15c /home/gabriel/intelFPGA_lite/20.1/nios2eds/bin/gnu/H-x86_64-pc-linux-gnu/bin/../lib/gcc/nios2-elf/9.2.1/../../../../../H-x86_64-pc-linux-gnu/nios2-elf/lib/libc.a(lib_a-wsetup.o)
                0x0000000000041ef0                __swsetup_r
 .text          0x000000000004204c        0x0 /home/gabriel/intelFPGA_lite/20.1/nios2eds/bin/gnu/H-x86_64-pc-linux-gnu/bin/../lib/gcc/nios2-elf/9.2.1/../../../../../H-x86_64-pc-linux-gnu/nios2-elf/lib/libc.a(closer.o)
 .text._close_r
                0x000000000004204c       0x58 /home/gabriel/intelFPGA_lite/20.1/nios2eds/bin/gnu/H-x86_64-pc-linux-gnu/bin/../lib/gcc/nios2-elf/9.2.1/../../../../../H-x86_64-pc-linux-gnu/nios2-elf/lib/libc.a(closer.o)
                0x000000000004204c                _close_r
 .text          0x00000000000420a4        0x0 /home/gabriel/intelFPGA_lite/20.1/nios2eds/bin/gnu/H-x86_64-pc-linux-gnu/bin/../lib/gcc/nios2-elf/9.2.1/../../../../../H-x86_64-pc-linux-gnu/nios2-elf/lib/libc.a(lib_a-fclose.o)
 .text._fclose_r
                0x00000000000420a4       0xf8 /home/gabriel/intelFPGA_lite/20.1/nios2eds/bin/gnu/H-x86_64-pc-linux-gnu/bin/../lib/gcc/nios2-elf/9.2.1/../../../../../H-x86_64-pc-linux-gnu/nios2-elf/lib/libc.a(lib_a-fclose.o)
                0x00000000000420a4                _fclose_r
 .text.fclose   0x000000000004219c       0x10 /home/gabriel/intelFPGA_lite/20.1/nios2eds/bin/gnu/H-x86_64-pc-linux-gnu/bin/../lib/gcc/nios2-elf/9.2.1/../../../../../H-x86_64-pc-linux-gnu/nios2-elf/lib/libc.a(lib_a-fclose.o)
                0x000000000004219c                fclose
 .text          0x00000000000421ac        0x0 /home/gabriel/intelFPGA_lite/20.1/nios2eds/bin/gnu/H-x86_64-pc-linux-gnu/bin/../lib/gcc/nios2-elf/9.2.1/../../../../../H-x86_64-pc-linux-gnu/nios2-elf/lib/libc.a(lib_a-fflush.o)
 .text.__sflush_r
                0x00000000000421ac      0x228 /home/gabriel/intelFPGA_lite/20.1/nios2eds/bin/gnu/H-x86_64-pc-linux-gnu/bin/../lib/gcc/nios2-elf/9.2.1/../../../../../H-x86_64-pc-linux-gnu/nios2-elf/lib/libc.a(lib_a-fflush.o)
                0x00000000000421ac                __sflush_r
 .text._fflush_r
                0x00000000000423d4       0x60 /home/gabriel/intelFPGA_lite/20.1/nios2eds/bin/gnu/H-x86_64-pc-linux-gnu/bin/../lib/gcc/nios2-elf/9.2.1/../../../../../H-x86_64-pc-linux-gnu/nios2-elf/lib/libc.a(lib_a-fflush.o)
                0x00000000000423d4                _fflush_r
 .text.fflush   0x0000000000042434       0x28 /home/gabriel/intelFPGA_lite/20.1/nios2eds/bin/gnu/H-x86_64-pc-linux-gnu/bin/../lib/gcc/nios2-elf/9.2.1/../../../../../H-x86_64-pc-linux-gnu/nios2-elf/lib/libc.a(lib_a-fflush.o)
                0x0000000000042434                fflush
 .text          0x000000000004245c        0x0 /home/gabriel/intelFPGA_lite/20.1/nios2eds/bin/gnu/H-x86_64-pc-linux-gnu/bin/../lib/gcc/nios2-elf/9.2.1/../../../../../H-x86_64-pc-linux-gnu/nios2-elf/lib/libc.a(lib_a-freer.o)
 .text._malloc_trim_r
                0x000000000004245c      0x11c /home/gabriel/intelFPGA_lite/20.1/nios2eds/bin/gnu/H-x86_64-pc-linux-gnu/bin/../lib/gcc/nios2-elf/9.2.1/../../../../../H-x86_64-pc-linux-gnu/nios2-elf/lib/libc.a(lib_a-freer.o)
                0x000000000004245c                _malloc_trim_r
 .text._free_r  0x0000000000042578      0x2fc /home/gabriel/intelFPGA_lite/20.1/nios2eds/bin/gnu/H-x86_64-pc-linux-gnu/bin/../lib/gcc/nios2-elf/9.2.1/../../../../../H-x86_64-pc-linux-gnu/nios2-elf/lib/libc.a(lib_a-freer.o)
                0x0000000000042578                _free_r
 .text          0x0000000000042874        0x0 /home/gabriel/intelFPGA_lite/20.1/nios2eds/bin/gnu/H-x86_64-pc-linux-gnu/bin/../lib/gcc/nios2-elf/9.2.1/../../../../../H-x86_64-pc-linux-gnu/nios2-elf/lib/libc.a(lib_a-int_errno.o)
 .text          0x0000000000042874        0x0 /home/gabriel/intelFPGA_lite/20.1/nios2eds/bin/gnu/H-x86_64-pc-linux-gnu/bin/../lib/gcc/nios2-elf/9.2.1/../../../../../H-x86_64-pc-linux-gnu/nios2-elf/lib/libc.a(lib_a-lseekr.o)
 .text._lseek_r
                0x0000000000042874       0x64 /home/gabriel/intelFPGA_lite/20.1/nios2eds/bin/gnu/H-x86_64-pc-linux-gnu/bin/../lib/gcc/nios2-elf/9.2.1/../../../../../H-x86_64-pc-linux-gnu/nios2-elf/lib/libc.a(lib_a-lseekr.o)
                0x0000000000042874                _lseek_r
 .text          0x00000000000428d8        0x0 /home/gabriel/intelFPGA_lite/20.1/nios2eds/bin/gnu/H-x86_64-pc-linux-gnu/bin/../lib/gcc/nios2-elf/9.2.1/../../../../../H-x86_64-pc-linux-gnu/nios2-elf/lib/libc.a(lib_a-makebuf.o)
 .text.__swhatbuf_r
                0x00000000000428d8       0x98 /home/gabriel/intelFPGA_lite/20.1/nios2eds/bin/gnu/H-x86_64-pc-linux-gnu/bin/../lib/gcc/nios2-elf/9.2.1/../../../../../H-x86_64-pc-linux-gnu/nios2-elf/lib/libc.a(lib_a-makebuf.o)
                0x00000000000428d8                __swhatbuf_r
 .text.__smakebuf_r
                0x0000000000042970      0x140 /home/gabriel/intelFPGA_lite/20.1/nios2eds/bin/gnu/H-x86_64-pc-linux-gnu/bin/../lib/gcc/nios2-elf/9.2.1/../../../../../H-x86_64-pc-linux-gnu/nios2-elf/lib/libc.a(lib_a-makebuf.o)
                0x0000000000042970                __smakebuf_r
 .text          0x0000000000042ab0        0x0 /home/gabriel/intelFPGA_lite/20.1/nios2eds/bin/gnu/H-x86_64-pc-linux-gnu/bin/../lib/gcc/nios2-elf/9.2.1/../../../../../H-x86_64-pc-linux-gnu/nios2-elf/lib/libc.a(lib_a-readr.o)
 .text._read_r  0x0000000000042ab0       0x64 /home/gabriel/intelFPGA_lite/20.1/nios2eds/bin/gnu/H-x86_64-pc-linux-gnu/bin/../lib/gcc/nios2-elf/9.2.1/../../../../../H-x86_64-pc-linux-gnu/nios2-elf/lib/libc.a(lib_a-readr.o)
                0x0000000000042ab0                _read_r
 .text          0x0000000000042b14        0x0 /home/gabriel/intelFPGA_lite/20.1/nios2eds/bin/gnu/H-x86_64-pc-linux-gnu/bin/../lib/gcc/nios2-elf/9.2.1/../../../../../H-x86_64-pc-linux-gnu/nios2-elf/lib/libc.a(lib_a-fstatr.o)
 .text._fstat_r
                0x0000000000042b14       0x60 /home/gabriel/intelFPGA_lite/20.1/nios2eds/bin/gnu/H-x86_64-pc-linux-gnu/bin/../lib/gcc/nios2-elf/9.2.1/../../../../../H-x86_64-pc-linux-gnu/nios2-elf/lib/libc.a(lib_a-fstatr.o)
                0x0000000000042b14                _fstat_r
 .text          0x0000000000042b74        0x0 /home/gabriel/intelFPGA_lite/20.1/nios2eds/bin/gnu/H-x86_64-pc-linux-gnu/bin/../lib/gcc/nios2-elf/9.2.1/../../../../../H-x86_64-pc-linux-gnu/nios2-elf/lib/libc.a(lib_a-isattyr.o)
 .text._isatty_r
                0x0000000000042b74       0x58 /home/gabriel/intelFPGA_lite/20.1/nios2eds/bin/gnu/H-x86_64-pc-linux-gnu/bin/../lib/gcc/nios2-elf/9.2.1/../../../../../H-x86_64-pc-linux-gnu/nios2-elf/lib/libc.a(lib_a-isattyr.o)
                0x0000000000042b74                _isatty_r
 .text          0x0000000000042bcc      0x1b4 /home/gabriel/intelFPGA_lite/20.1/nios2eds/bin/gnu/H-x86_64-pc-linux-gnu/bin/../lib/gcc/nios2-elf/9.2.1/libgcc.a(lib2-divmod.o)
                0x0000000000042bcc                __divsi3
                0x0000000000042c4c                __modsi3
                0x0000000000042cc0                __udivsi3
                0x0000000000042d24                __umodsi3
 .text          0x0000000000042d80      0x10c ../niosLab2_bsp//libhal_bsp.a(alt_close.o)
                0x0000000000042dbc                close
 .text          0x0000000000042e8c       0x2c ../niosLab2_bsp//libhal_bsp.a(alt_dev.o)
 .text          0x0000000000042eb8        0x0 ../niosLab2_bsp//libhal_bsp.a(alt_errno.o)
 .text          0x0000000000042eb8       0xec ../niosLab2_bsp//libhal_bsp.a(alt_fstat.o)
                0x0000000000042ef4                fstat
 .text          0x0000000000042fa4       0xe0 ../niosLab2_bsp//libhal_bsp.a(alt_isatty.o)
                0x0000000000042fe0                isatty
 .text          0x0000000000043084       0xec ../niosLab2_bsp//libhal_bsp.a(alt_load.o)
                0x00000000000430ec                alt_load
 .text          0x0000000000043170      0x110 ../niosLab2_bsp//libhal_bsp.a(alt_lseek.o)
                0x00000000000431ac                lseek
 .text          0x0000000000043280       0x7c ../niosLab2_bsp//libhal_bsp.a(alt_main.o)
                0x0000000000043280                alt_main
 .text          0x00000000000432fc       0x48 ../niosLab2_bsp//libhal_bsp.a(alt_malloc_lock.o)
                0x00000000000432fc                __malloc_lock
                0x0000000000043320                __malloc_unlock
 .text          0x0000000000043344      0x138 ../niosLab2_bsp//libhal_bsp.a(alt_read.o)
                0x0000000000043380                read
 .text          0x000000000004347c       0x58 ../niosLab2_bsp//libhal_bsp.a(alt_release_fd.o)
                0x000000000004347c                alt_release_fd
 .text          0x00000000000434d4       0xb8 ../niosLab2_bsp//libhal_bsp.a(alt_sbrk.o)
                0x00000000000434d4                sbrk
 .text          0x000000000004358c       0x30 ../niosLab2_bsp//libhal_bsp.a(alt_usleep.o)
                0x000000000004358c                usleep
 .text          0x00000000000435bc      0x134 ../niosLab2_bsp//libhal_bsp.a(alt_write.o)
                0x00000000000435f8                write
 .text          0x00000000000436f0       0xa4 ../niosLab2_bsp//libhal_bsp.a(alt_sys_init.o)
                0x0000000000043724                alt_irq_init
                0x0000000000043760                alt_sys_init
 .text          0x0000000000043794       0xc0 ../niosLab2_bsp//libhal_bsp.a(altera_avalon_jtag_uart_fd.o)
                0x0000000000043794                altera_avalon_jtag_uart_read_fd
                0x00000000000437f4                altera_avalon_jtag_uart_write_fd
 .text          0x0000000000043854       0xec ../niosLab2_bsp//libhal_bsp.a(altera_avalon_jtag_uart_read.o)
                0x0000000000043854                altera_avalon_jtag_uart_read
 .text          0x0000000000043940       0x94 ../niosLab2_bsp//libhal_bsp.a(altera_avalon_jtag_uart_write.o)
                0x0000000000043940                altera_avalon_jtag_uart_write
 .text          0x00000000000439d4      0x158 ../niosLab2_bsp//libhal_bsp.a(alt_busy_sleep.o)
                0x00000000000439d4                alt_busy_sleep
 .text          0x0000000000043b2c       0x4c ../niosLab2_bsp//libhal_bsp.a(alt_dcache_flush_all.o)
                0x0000000000043b2c                alt_dcache_flush_all
 .text          0x0000000000043b78       0xe4 ../niosLab2_bsp//libhal_bsp.a(alt_dev_llist_insert.o)
                0x0000000000043bb4                alt_dev_llist_insert
 .text          0x0000000000043c5c       0x64 ../niosLab2_bsp//libhal_bsp.a(alt_do_ctors.o)
                0x0000000000043c5c                _do_ctors
 .text          0x0000000000043cc0       0x64 ../niosLab2_bsp//libhal_bsp.a(alt_do_dtors.o)
                0x0000000000043cc0                _do_dtors
 .text          0x0000000000043d24       0x34 ../niosLab2_bsp//libhal_bsp.a(alt_icache_flush_all.o)
                0x0000000000043d24                alt_icache_flush_all
 .text          0x0000000000043d58      0x12c ../niosLab2_bsp//libhal_bsp.a(alt_io_redirect.o)
                0x0000000000043e08                alt_io_redirect
 .text          0x0000000000043e84      0x248 ../niosLab2_bsp//libhal_bsp.a(alt_open.o)
                0x0000000000043f78                open
 .text          0x00000000000440cc       0x24 ../niosLab2_bsp//libhal_bsp.a(altera_nios2_gen2_irq.o)
                0x00000000000440cc                altera_nios2_gen2_irq_init
 .text          0x00000000000440f0       0x90 ../niosLab2_bsp//libhal_bsp.a(alt_find_dev.o)
                0x00000000000440f0                alt_find_dev
 .text          0x0000000000044180      0x108 ../niosLab2_bsp//libhal_bsp.a(alt_find_file.o)
                0x0000000000044180                alt_find_file
 .text          0x0000000000044288       0xa0 ../niosLab2_bsp//libhal_bsp.a(alt_get_fd.o)
                0x0000000000044288                alt_get_fd
 .text          0x0000000000044328       0x90 ../niosLab2_bsp//libhal_bsp.a(alt_icache_flush.o)
                0x0000000000044328                alt_icache_flush
 .text          0x00000000000443b8        0x0 /home/gabriel/intelFPGA_lite/20.1/nios2eds/bin/gnu/H-x86_64-pc-linux-gnu/bin/../lib/gcc/nios2-elf/9.2.1/../../../../../H-x86_64-pc-linux-gnu/nios2-elf/lib/libc.a(lib_a-atexit.o)
 .text.atexit   0x00000000000443b8       0x14 /home/gabriel/intelFPGA_lite/20.1/nios2eds/bin/gnu/H-x86_64-pc-linux-gnu/bin/../lib/gcc/nios2-elf/9.2.1/../../../../../H-x86_64-pc-linux-gnu/nios2-elf/lib/libc.a(lib_a-atexit.o)
                0x00000000000443b8                atexit
 .text          0x00000000000443cc        0x0 /home/gabriel/intelFPGA_lite/20.1/nios2eds/bin/gnu/H-x86_64-pc-linux-gnu/bin/../lib/gcc/nios2-elf/9.2.1/../../../../../H-x86_64-pc-linux-gnu/nios2-elf/lib/libc.a(lib_a-exit.o)
 .text.exit     0x00000000000443cc       0x34 /home/gabriel/intelFPGA_lite/20.1/nios2eds/bin/gnu/H-x86_64-pc-linux-gnu/bin/../lib/gcc/nios2-elf/9.2.1/../../../../../H-x86_64-pc-linux-gnu/nios2-elf/lib/libc.a(lib_a-exit.o)
                0x00000000000443cc                exit
 .text          0x0000000000044400        0x0 /home/gabriel/intelFPGA_lite/20.1/nios2eds/bin/gnu/H-x86_64-pc-linux-gnu/bin/../lib/gcc/nios2-elf/9.2.1/../../../../../H-x86_64-pc-linux-gnu/nios2-elf/lib/libc.a(lib_a-memcmp.o)
 .text.memcmp   0x0000000000044400       0x78 /home/gabriel/intelFPGA_lite/20.1/nios2eds/bin/gnu/H-x86_64-pc-linux-gnu/bin/../lib/gcc/nios2-elf/9.2.1/../../../../../H-x86_64-pc-linux-gnu/nios2-elf/lib/libc.a(lib_a-memcmp.o)
                0x0000000000044400                memcmp
 .text          0x0000000000044478        0x0 /home/gabriel/intelFPGA_lite/20.1/nios2eds/bin/gnu/H-x86_64-pc-linux-gnu/bin/../lib/gcc/nios2-elf/9.2.1/../../../../../H-x86_64-pc-linux-gnu/nios2-elf/lib/libc.a(lib_a-__atexit.o)
 .text.__register_exitproc
                0x0000000000044478       0x90 /home/gabriel/intelFPGA_lite/20.1/nios2eds/bin/gnu/H-x86_64-pc-linux-gnu/bin/../lib/gcc/nios2-elf/9.2.1/../../../../../H-x86_64-pc-linux-gnu/nios2-elf/lib/libc.a(lib_a-__atexit.o)
                0x0000000000044478                __register_exitproc
 .text          0x0000000000044508        0x0 /home/gabriel/intelFPGA_lite/20.1/nios2eds/bin/gnu/H-x86_64-pc-linux-gnu/bin/../lib/gcc/nios2-elf/9.2.1/../../../../../H-x86_64-pc-linux-gnu/nios2-elf/lib/libc.a(lib_a-__call_atexit.o)
 .text.__call_exitprocs
                0x0000000000044508      0x120 /home/gabriel/intelFPGA_lite/20.1/nios2eds/bin/gnu/H-x86_64-pc-linux-gnu/bin/../lib/gcc/nios2-elf/9.2.1/../../../../../H-x86_64-pc-linux-gnu/nios2-elf/lib/libc.a(lib_a-__call_atexit.o)
                0x0000000000044508                __call_exitprocs
 .text          0x0000000000044628       0x38 ../niosLab2_bsp//libhal_bsp.a(alt_exit.o)
                0x0000000000044628                _exit
 *(.gnu.warning.*)
 *(.fini)
                [!provide]                        PROVIDE (__etext = ABSOLUTE (.))
                [!provide]                        PROVIDE (_etext = ABSOLUTE (.))
                [!provide]                        PROVIDE (etext = ABSOLUTE (.))
 *(.eh_frame_hdr)
                0x0000000000044660                . = ALIGN (0x4)
                [!provide]                        PROVIDE (__preinit_array_start = ABSOLUTE (.))
 *(.preinit_array)
                [!provide]                        PROVIDE (__preinit_array_end = ABSOLUTE (.))
                [!provide]                        PROVIDE (__init_array_start = ABSOLUTE (.))
 *(.init_array)
                [!provide]                        PROVIDE (__init_array_end = ABSOLUTE (.))
                [!provide]                        PROVIDE (__fini_array_start = ABSOLUTE (.))
 *(.fini_array)
                [!provide]                        PROVIDE (__fini_array_end = ABSOLUTE (.))
 *(.eh_frame)
 *(.gcc_except_table .gcc_except_table.*)
 *(.dynamic)
                0x0000000000044660                PROVIDE (__CTOR_LIST__ = ABSOLUTE (.))
 *(.ctors)
 *(SORT_BY_NAME(.ctors.*))
                0x0000000000044660                PROVIDE (__CTOR_END__ = ABSOLUTE (.))
                0x0000000000044660                PROVIDE (__DTOR_LIST__ = ABSOLUTE (.))
 *(.dtors)
 *(SORT_BY_NAME(.dtors.*))
                0x0000000000044660                PROVIDE (__DTOR_END__ = ABSOLUTE (.))
 *(.jcr)
                0x0000000000044660                . = ALIGN (0x4)

.rodata         0x0000000000044660       0x48
                0x0000000000044660                PROVIDE (__ram_rodata_start = ABSOLUTE (.))
                0x0000000000044660                . = ALIGN (0x4)
 *(.rodata .rodata.* .gnu.linkonce.r.*)
 .rodata        0x0000000000044660        0xe obj/default/hello_world.o
 *fill*         0x000000000004466e        0x2 
 .rodata._puts_r.str1.4
                0x0000000000044670        0x4 /home/gabriel/intelFPGA_lite/20.1/nios2eds/bin/gnu/H-x86_64-pc-linux-gnu/bin/../lib/gcc/nios2-elf/9.2.1/../../../../../H-x86_64-pc-linux-gnu/nios2-elf/lib/libc.a(lib_a-puts.o)
                                          0x2 (size before relaxing)
 .rodata        0x0000000000044674        0xa ../niosLab2_bsp//libhal_bsp.a(alt_dev.o)
 *fill*         0x000000000004467e        0x2 
 .rodata        0x0000000000044680       0x11 ../niosLab2_bsp//libhal_bsp.a(alt_main.o)
 *fill*         0x0000000000044691        0x3 
 .rodata        0x0000000000044694       0x11 ../niosLab2_bsp//libhal_bsp.a(alt_sys_init.o)
 *(.rodata1)
                0x00000000000446a8                . = ALIGN (0x4)
 *fill*         0x00000000000446a5        0x3 
                0x00000000000446a8                PROVIDE (__ram_rodata_end = ABSOLUTE (.))
                0x0000000000044660                PROVIDE (__flash_rodata_start = LOADADDR (.rodata))

.rwdata         0x00000000000446a8      0xa2c load address 0x00000000000450d4
                0x00000000000446a8                PROVIDE (__ram_rwdata_start = ABSOLUTE (.))
                0x00000000000446a8                . = ALIGN (0x4)
 *(.got.plt)
 *(.got)
 *(.data1)
 *(.data .data.* .gnu.linkonce.d.*)
 .data          0x00000000000446a8        0x0 ../niosLab2_bsp//obj/HAL/src/crt0.o
 .data          0x00000000000446a8        0x0 obj/default/hello_world.o
 .data          0x00000000000446a8        0x0 /home/gabriel/intelFPGA_lite/20.1/nios2eds/bin/gnu/H-x86_64-pc-linux-gnu/bin/../lib/gcc/nios2-elf/9.2.1/../../../../../H-x86_64-pc-linux-gnu/nios2-elf/lib/libc.a(lib_a-puts.o)
 .data          0x00000000000446a8        0x0 /home/gabriel/intelFPGA_lite/20.1/nios2eds/bin/gnu/H-x86_64-pc-linux-gnu/bin/../lib/gcc/nios2-elf/9.2.1/../../../../../H-x86_64-pc-linux-gnu/nios2-elf/lib/libc.a(lib_a-strlen.o)
 .data          0x00000000000446a8        0x0 /home/gabriel/intelFPGA_lite/20.1/nios2eds/bin/gnu/H-x86_64-pc-linux-gnu/bin/../lib/gcc/nios2-elf/9.2.1/../../../../../H-x86_64-pc-linux-gnu/nios2-elf/lib/libc.a(lib_a-findfp.o)
 .data          0x00000000000446a8        0x0 /home/gabriel/intelFPGA_lite/20.1/nios2eds/bin/gnu/H-x86_64-pc-linux-gnu/bin/../lib/gcc/nios2-elf/9.2.1/../../../../../H-x86_64-pc-linux-gnu/nios2-elf/lib/libc.a(lib_a-fvwrite.o)
 .data          0x00000000000446a8        0x0 /home/gabriel/intelFPGA_lite/20.1/nios2eds/bin/gnu/H-x86_64-pc-linux-gnu/bin/../lib/gcc/nios2-elf/9.2.1/../../../../../H-x86_64-pc-linux-gnu/nios2-elf/lib/libc.a(lib_a-fwalk.o)
 .data          0x00000000000446a8        0x0 /home/gabriel/intelFPGA_lite/20.1/nios2eds/bin/gnu/H-x86_64-pc-linux-gnu/bin/../lib/gcc/nios2-elf/9.2.1/../../../../../H-x86_64-pc-linux-gnu/nios2-elf/lib/libc.a(lib_a-impure.o)
 .data.impure_data
                0x00000000000446a8      0x424 /home/gabriel/intelFPGA_lite/20.1/nios2eds/bin/gnu/H-x86_64-pc-linux-gnu/bin/../lib/gcc/nios2-elf/9.2.1/../../../../../H-x86_64-pc-linux-gnu/nios2-elf/lib/libc.a(lib_a-impure.o)
 .data          0x0000000000044acc        0x0 /home/gabriel/intelFPGA_lite/20.1/nios2eds/bin/gnu/H-x86_64-pc-linux-gnu/bin/../lib/gcc/nios2-elf/9.2.1/../../../../../H-x86_64-pc-linux-gnu/nios2-elf/lib/libc.a(lib_a-mallocr.o)
 .data.__malloc_av_
                0x0000000000044acc      0x408 /home/gabriel/intelFPGA_lite/20.1/nios2eds/bin/gnu/H-x86_64-pc-linux-gnu/bin/../lib/gcc/nios2-elf/9.2.1/../../../../../H-x86_64-pc-linux-gnu/nios2-elf/lib/libc.a(lib_a-mallocr.o)
                0x0000000000044acc                __malloc_av_
 .data          0x0000000000044ed4        0x0 /home/gabriel/intelFPGA_lite/20.1/nios2eds/bin/gnu/H-x86_64-pc-linux-gnu/bin/../lib/gcc/nios2-elf/9.2.1/../../../../../H-x86_64-pc-linux-gnu/nios2-elf/lib/libc.a(lib_a-memchr.o)
 .data          0x0000000000044ed4        0x0 /home/gabriel/intelFPGA_lite/20.1/nios2eds/bin/gnu/H-x86_64-pc-linux-gnu/bin/../lib/gcc/nios2-elf/9.2.1/../../../../../H-x86_64-pc-linux-gnu/nios2-elf/lib/libc.a(lib_a-memcpy.o)
 .data          0x0000000000044ed4        0x0 /home/gabriel/intelFPGA_lite/20.1/nios2eds/bin/gnu/H-x86_64-pc-linux-gnu/bin/../lib/gcc/nios2-elf/9.2.1/../../../../../H-x86_64-pc-linux-gnu/nios2-elf/lib/libc.a(lib_a-memmove.o)
 .data          0x0000000000044ed4        0x0 /home/gabriel/intelFPGA_lite/20.1/nios2eds/bin/gnu/H-x86_64-pc-linux-gnu/bin/../lib/gcc/nios2-elf/9.2.1/../../../../../H-x86_64-pc-linux-gnu/nios2-elf/lib/libc.a(lib_a-memset.o)
 .data          0x0000000000044ed4        0x0 /home/gabriel/intelFPGA_lite/20.1/nios2eds/bin/gnu/H-x86_64-pc-linux-gnu/bin/../lib/gcc/nios2-elf/9.2.1/../../../../../H-x86_64-pc-linux-gnu/nios2-elf/lib/libc.a(lib_a-reallocr.o)
 .data          0x0000000000044ed4        0x0 /home/gabriel/intelFPGA_lite/20.1/nios2eds/bin/gnu/H-x86_64-pc-linux-gnu/bin/../lib/gcc/nios2-elf/9.2.1/../../../../../H-x86_64-pc-linux-gnu/nios2-elf/lib/libc.a(lib_a-sbrkr.o)
 .data          0x0000000000044ed4        0x0 /home/gabriel/intelFPGA_lite/20.1/nios2eds/bin/gnu/H-x86_64-pc-linux-gnu/bin/../lib/gcc/nios2-elf/9.2.1/../../../../../H-x86_64-pc-linux-gnu/nios2-elf/lib/libc.a(lib_a-stdio.o)
 .data          0x0000000000044ed4        0x0 /home/gabriel/intelFPGA_lite/20.1/nios2eds/bin/gnu/H-x86_64-pc-linux-gnu/bin/../lib/gcc/nios2-elf/9.2.1/../../../../../H-x86_64-pc-linux-gnu/nios2-elf/lib/libc.a(lib_a-writer.o)
 .data          0x0000000000044ed4        0x0 /home/gabriel/intelFPGA_lite/20.1/nios2eds/bin/gnu/H-x86_64-pc-linux-gnu/bin/../lib/gcc/nios2-elf/9.2.1/../../../../../H-x86_64-pc-linux-gnu/nios2-elf/lib/libc.a(lib_a-wsetup.o)
 .data          0x0000000000044ed4        0x0 /home/gabriel/intelFPGA_lite/20.1/nios2eds/bin/gnu/H-x86_64-pc-linux-gnu/bin/../lib/gcc/nios2-elf/9.2.1/../../../../../H-x86_64-pc-linux-gnu/nios2-elf/lib/libc.a(closer.o)
 .data          0x0000000000044ed4        0x0 /home/gabriel/intelFPGA_lite/20.1/nios2eds/bin/gnu/H-x86_64-pc-linux-gnu/bin/../lib/gcc/nios2-elf/9.2.1/../../../../../H-x86_64-pc-linux-gnu/nios2-elf/lib/libc.a(lib_a-fclose.o)
 .data          0x0000000000044ed4        0x0 /home/gabriel/intelFPGA_lite/20.1/nios2eds/bin/gnu/H-x86_64-pc-linux-gnu/bin/../lib/gcc/nios2-elf/9.2.1/../../../../../H-x86_64-pc-linux-gnu/nios2-elf/lib/libc.a(lib_a-fflush.o)
 .data          0x0000000000044ed4        0x0 /home/gabriel/intelFPGA_lite/20.1/nios2eds/bin/gnu/H-x86_64-pc-linux-gnu/bin/../lib/gcc/nios2-elf/9.2.1/../../../../../H-x86_64-pc-linux-gnu/nios2-elf/lib/libc.a(lib_a-freer.o)
 .data          0x0000000000044ed4        0x0 /home/gabriel/intelFPGA_lite/20.1/nios2eds/bin/gnu/H-x86_64-pc-linux-gnu/bin/../lib/gcc/nios2-elf/9.2.1/../../../../../H-x86_64-pc-linux-gnu/nios2-elf/lib/libc.a(lib_a-int_errno.o)
 .data          0x0000000000044ed4        0x0 /home/gabriel/intelFPGA_lite/20.1/nios2eds/bin/gnu/H-x86_64-pc-linux-gnu/bin/../lib/gcc/nios2-elf/9.2.1/../../../../../H-x86_64-pc-linux-gnu/nios2-elf/lib/libc.a(lib_a-lseekr.o)
 .data          0x0000000000044ed4        0x0 /home/gabriel/intelFPGA_lite/20.1/nios2eds/bin/gnu/H-x86_64-pc-linux-gnu/bin/../lib/gcc/nios2-elf/9.2.1/../../../../../H-x86_64-pc-linux-gnu/nios2-elf/lib/libc.a(lib_a-makebuf.o)
 .data          0x0000000000044ed4        0x0 /home/gabriel/intelFPGA_lite/20.1/nios2eds/bin/gnu/H-x86_64-pc-linux-gnu/bin/../lib/gcc/nios2-elf/9.2.1/../../../../../H-x86_64-pc-linux-gnu/nios2-elf/lib/libc.a(lib_a-readr.o)
 .data          0x0000000000044ed4        0x0 /home/gabriel/intelFPGA_lite/20.1/nios2eds/bin/gnu/H-x86_64-pc-linux-gnu/bin/../lib/gcc/nios2-elf/9.2.1/../../../../../H-x86_64-pc-linux-gnu/nios2-elf/lib/libc.a(lib_a-fstatr.o)
 .data          0x0000000000044ed4        0x0 /home/gabriel/intelFPGA_lite/20.1/nios2eds/bin/gnu/H-x86_64-pc-linux-gnu/bin/../lib/gcc/nios2-elf/9.2.1/../../../../../H-x86_64-pc-linux-gnu/nios2-elf/lib/libc.a(lib_a-isattyr.o)
 .data          0x0000000000044ed4        0x0 /home/gabriel/intelFPGA_lite/20.1/nios2eds/bin/gnu/H-x86_64-pc-linux-gnu/bin/../lib/gcc/nios2-elf/9.2.1/libgcc.a(lib2-divmod.o)
 .data          0x0000000000044ed4        0x0 ../niosLab2_bsp//libhal_bsp.a(alt_close.o)
 .data          0x0000000000044ed4      0x1a8 ../niosLab2_bsp//libhal_bsp.a(alt_dev.o)
                0x0000000000044ed4                alt_dev_null
                0x0000000000044efc                alt_fd_list
 .data          0x000000000004507c        0x0 ../niosLab2_bsp//libhal_bsp.a(alt_errno.o)
 .data          0x000000000004507c        0x0 ../niosLab2_bsp//libhal_bsp.a(alt_fstat.o)
 .data          0x000000000004507c        0x0 ../niosLab2_bsp//libhal_bsp.a(alt_isatty.o)
 .data          0x000000000004507c        0x0 ../niosLab2_bsp//libhal_bsp.a(alt_load.o)
 .data          0x000000000004507c        0x0 ../niosLab2_bsp//libhal_bsp.a(alt_lseek.o)
 .data          0x000000000004507c        0x0 ../niosLab2_bsp//libhal_bsp.a(alt_main.o)
 .data          0x000000000004507c        0x0 ../niosLab2_bsp//libhal_bsp.a(alt_malloc_lock.o)
 .data          0x000000000004507c        0x0 ../niosLab2_bsp//libhal_bsp.a(alt_read.o)
 .data          0x000000000004507c        0x0 ../niosLab2_bsp//libhal_bsp.a(alt_release_fd.o)
 .data          0x000000000004507c        0x0 ../niosLab2_bsp//libhal_bsp.a(alt_sbrk.o)
 .data          0x000000000004507c        0x0 ../niosLab2_bsp//libhal_bsp.a(alt_usleep.o)
 .data          0x000000000004507c        0x0 ../niosLab2_bsp//libhal_bsp.a(alt_write.o)
 .data          0x000000000004507c       0x2c ../niosLab2_bsp//libhal_bsp.a(alt_sys_init.o)
 .data          0x00000000000450a8        0x0 ../niosLab2_bsp//libhal_bsp.a(altera_avalon_jtag_uart_fd.o)
 .data          0x00000000000450a8        0x0 ../niosLab2_bsp//libhal_bsp.a(altera_avalon_jtag_uart_read.o)
 .data          0x00000000000450a8        0x0 ../niosLab2_bsp//libhal_bsp.a(altera_avalon_jtag_uart_write.o)
 .data          0x00000000000450a8        0x0 ../niosLab2_bsp//libhal_bsp.a(alt_busy_sleep.o)
 .data          0x00000000000450a8        0x0 ../niosLab2_bsp//libhal_bsp.a(alt_dcache_flush_all.o)
 .data          0x00000000000450a8        0x0 ../niosLab2_bsp//libhal_bsp.a(alt_dev_llist_insert.o)
 .data          0x00000000000450a8        0x0 ../niosLab2_bsp//libhal_bsp.a(alt_do_ctors.o)
 .data          0x00000000000450a8        0x0 ../niosLab2_bsp//libhal_bsp.a(alt_do_dtors.o)
 .data          0x00000000000450a8        0x0 ../niosLab2_bsp//libhal_bsp.a(alt_icache_flush_all.o)
 .data          0x00000000000450a8        0x0 ../niosLab2_bsp//libhal_bsp.a(alt_io_redirect.o)
 .data          0x00000000000450a8        0x0 ../niosLab2_bsp//libhal_bsp.a(alt_open.o)
 .data          0x00000000000450a8        0x0 ../niosLab2_bsp//libhal_bsp.a(altera_nios2_gen2_irq.o)
 .data          0x00000000000450a8        0x0 ../niosLab2_bsp//libhal_bsp.a(alt_find_dev.o)
 .data          0x00000000000450a8        0x0 ../niosLab2_bsp//libhal_bsp.a(alt_find_file.o)
 .data          0x00000000000450a8        0x0 ../niosLab2_bsp//libhal_bsp.a(alt_get_fd.o)
 .data          0x00000000000450a8        0x0 ../niosLab2_bsp//libhal_bsp.a(alt_icache_flush.o)
 .data          0x00000000000450a8        0x0 /home/gabriel/intelFPGA_lite/20.1/nios2eds/bin/gnu/H-x86_64-pc-linux-gnu/bin/../lib/gcc/nios2-elf/9.2.1/../../../../../H-x86_64-pc-linux-gnu/nios2-elf/lib/libc.a(lib_a-atexit.o)
 .data          0x00000000000450a8        0x0 /home/gabriel/intelFPGA_lite/20.1/nios2eds/bin/gnu/H-x86_64-pc-linux-gnu/bin/../lib/gcc/nios2-elf/9.2.1/../../../../../H-x86_64-pc-linux-gnu/nios2-elf/lib/libc.a(lib_a-exit.o)
 .data          0x00000000000450a8        0x0 /home/gabriel/intelFPGA_lite/20.1/nios2eds/bin/gnu/H-x86_64-pc-linux-gnu/bin/../lib/gcc/nios2-elf/9.2.1/../../../../../H-x86_64-pc-linux-gnu/nios2-elf/lib/libc.a(lib_a-memcmp.o)
 .data          0x00000000000450a8        0x0 /home/gabriel/intelFPGA_lite/20.1/nios2eds/bin/gnu/H-x86_64-pc-linux-gnu/bin/../lib/gcc/nios2-elf/9.2.1/../../../../../H-x86_64-pc-linux-gnu/nios2-elf/lib/libc.a(lib_a-__atexit.o)
 .data          0x00000000000450a8        0x0 /home/gabriel/intelFPGA_lite/20.1/nios2eds/bin/gnu/H-x86_64-pc-linux-gnu/bin/../lib/gcc/nios2-elf/9.2.1/../../../../../H-x86_64-pc-linux-gnu/nios2-elf/lib/libc.a(lib_a-__call_atexit.o)
 .data          0x00000000000450a8        0x0 ../niosLab2_bsp//libhal_bsp.a(alt_exit.o)
                0x000000000004d0a8                _gp = ABSOLUTE ((. + 0x8000))
                [!provide]                        PROVIDE (gp = _gp)
 *(.rwdata .rwdata.*)
 *(.sdata .sdata.* .gnu.linkonce.s.*)
 .sdata._global_impure_ptr
                0x00000000000450a8        0x4 /home/gabriel/intelFPGA_lite/20.1/nios2eds/bin/gnu/H-x86_64-pc-linux-gnu/bin/../lib/gcc/nios2-elf/9.2.1/../../../../../H-x86_64-pc-linux-gnu/nios2-elf/lib/libc.a(lib_a-impure.o)
                0x00000000000450a8                _global_impure_ptr
 .sdata._impure_ptr
                0x00000000000450ac        0x4 /home/gabriel/intelFPGA_lite/20.1/nios2eds/bin/gnu/H-x86_64-pc-linux-gnu/bin/../lib/gcc/nios2-elf/9.2.1/../../../../../H-x86_64-pc-linux-gnu/nios2-elf/lib/libc.a(lib_a-impure.o)
                0x00000000000450ac                _impure_ptr
 .sdata.__malloc_sbrk_base
                0x00000000000450b0        0x4 /home/gabriel/intelFPGA_lite/20.1/nios2eds/bin/gnu/H-x86_64-pc-linux-gnu/bin/../lib/gcc/nios2-elf/9.2.1/../../../../../H-x86_64-pc-linux-gnu/nios2-elf/lib/libc.a(lib_a-mallocr.o)
                0x00000000000450b0                __malloc_sbrk_base
 .sdata.__malloc_trim_threshold
                0x00000000000450b4        0x4 /home/gabriel/intelFPGA_lite/20.1/nios2eds/bin/gnu/H-x86_64-pc-linux-gnu/bin/../lib/gcc/nios2-elf/9.2.1/../../../../../H-x86_64-pc-linux-gnu/nios2-elf/lib/libc.a(lib_a-mallocr.o)
                0x00000000000450b4                __malloc_trim_threshold
 .sdata         0x00000000000450b8       0x14 ../niosLab2_bsp//libhal_bsp.a(alt_dev.o)
                0x00000000000450b8                alt_fs_list
                0x00000000000450c0                alt_dev_list
                0x00000000000450c8                alt_max_fd
 .sdata         0x00000000000450cc        0x4 ../niosLab2_bsp//libhal_bsp.a(alt_errno.o)
                0x00000000000450cc                alt_errno
 .sdata         0x00000000000450d0        0x4 ../niosLab2_bsp//libhal_bsp.a(alt_sbrk.o)
 *(.sdata2 .sdata2.* .gnu.linkonce.s2.*)
                0x00000000000450d4                . = ALIGN (0x4)
                0x00000000000450d4                _edata = ABSOLUTE (.)
                [!provide]                        PROVIDE (edata = ABSOLUTE (.))
                0x00000000000450d4                PROVIDE (__ram_rwdata_end = ABSOLUTE (.))
                0x00000000000450d4                PROVIDE (__flash_rwdata_start = LOADADDR (.rwdata))

.bss            0x0000000000045b00       0x44
                0x0000000000045b00                __bss_start = ABSOLUTE (.)
                [!provide]                        PROVIDE (__sbss_start = ABSOLUTE (.))
                [!provide]                        PROVIDE (___sbss_start = ABSOLUTE (.))
 *(.dynsbss)
 *(.sbss .sbss.* .gnu.linkonce.sb.*)
 .sbss.__malloc_max_total_mem
                0x0000000000045b00        0x4 /home/gabriel/intelFPGA_lite/20.1/nios2eds/bin/gnu/H-x86_64-pc-linux-gnu/bin/../lib/gcc/nios2-elf/9.2.1/../../../../../H-x86_64-pc-linux-gnu/nios2-elf/lib/libc.a(lib_a-mallocr.o)
                0x0000000000045b00                __malloc_max_total_mem
 .sbss.__malloc_max_sbrked_mem
                0x0000000000045b04        0x4 /home/gabriel/intelFPGA_lite/20.1/nios2eds/bin/gnu/H-x86_64-pc-linux-gnu/bin/../lib/gcc/nios2-elf/9.2.1/../../../../../H-x86_64-pc-linux-gnu/nios2-elf/lib/libc.a(lib_a-mallocr.o)
                0x0000000000045b04                __malloc_max_sbrked_mem
 .sbss.__malloc_top_pad
                0x0000000000045b08        0x4 /home/gabriel/intelFPGA_lite/20.1/nios2eds/bin/gnu/H-x86_64-pc-linux-gnu/bin/../lib/gcc/nios2-elf/9.2.1/../../../../../H-x86_64-pc-linux-gnu/nios2-elf/lib/libc.a(lib_a-mallocr.o)
                0x0000000000045b08                __malloc_top_pad
 .sbss          0x0000000000045b0c        0x4 /home/gabriel/intelFPGA_lite/20.1/nios2eds/bin/gnu/H-x86_64-pc-linux-gnu/bin/../lib/gcc/nios2-elf/9.2.1/../../../../../H-x86_64-pc-linux-gnu/nios2-elf/lib/libc.a(lib_a-int_errno.o)
                0x0000000000045b0c                errno
 .sbss          0x0000000000045b10        0xc ../niosLab2_bsp//libhal_bsp.a(alt_main.o)
                0x0000000000045b10                alt_argc
                0x0000000000045b14                alt_argv
                0x0000000000045b18                alt_envp
 *(.sbss2 .sbss2.* .gnu.linkonce.sb2.*)
 *(.scommon)
                [!provide]                        PROVIDE (__sbss_end = ABSOLUTE (.))
                [!provide]                        PROVIDE (___sbss_end = ABSOLUTE (.))
 *(.dynbss)
 *(.bss .bss.* .gnu.linkonce.b.*)
 .bss           0x0000000000045b1c        0x0 ../niosLab2_bsp//obj/HAL/src/crt0.o
 .bss           0x0000000000045b1c        0x0 obj/default/hello_world.o
 .bss           0x0000000000045b1c        0x0 /home/gabriel/intelFPGA_lite/20.1/nios2eds/bin/gnu/H-x86_64-pc-linux-gnu/bin/../lib/gcc/nios2-elf/9.2.1/../../../../../H-x86_64-pc-linux-gnu/nios2-elf/lib/libc.a(lib_a-puts.o)
 .bss           0x0000000000045b1c        0x0 /home/gabriel/intelFPGA_lite/20.1/nios2eds/bin/gnu/H-x86_64-pc-linux-gnu/bin/../lib/gcc/nios2-elf/9.2.1/../../../../../H-x86_64-pc-linux-gnu/nios2-elf/lib/libc.a(lib_a-strlen.o)
 .bss           0x0000000000045b1c        0x0 /home/gabriel/intelFPGA_lite/20.1/nios2eds/bin/gnu/H-x86_64-pc-linux-gnu/bin/../lib/gcc/nios2-elf/9.2.1/../../../../../H-x86_64-pc-linux-gnu/nios2-elf/lib/libc.a(lib_a-findfp.o)
 .bss           0x0000000000045b1c        0x0 /home/gabriel/intelFPGA_lite/20.1/nios2eds/bin/gnu/H-x86_64-pc-linux-gnu/bin/../lib/gcc/nios2-elf/9.2.1/../../../../../H-x86_64-pc-linux-gnu/nios2-elf/lib/libc.a(lib_a-fvwrite.o)
 .bss           0x0000000000045b1c        0x0 /home/gabriel/intelFPGA_lite/20.1/nios2eds/bin/gnu/H-x86_64-pc-linux-gnu/bin/../lib/gcc/nios2-elf/9.2.1/../../../../../H-x86_64-pc-linux-gnu/nios2-elf/lib/libc.a(lib_a-fwalk.o)
 .bss           0x0000000000045b1c        0x0 /home/gabriel/intelFPGA_lite/20.1/nios2eds/bin/gnu/H-x86_64-pc-linux-gnu/bin/../lib/gcc/nios2-elf/9.2.1/../../../../../H-x86_64-pc-linux-gnu/nios2-elf/lib/libc.a(lib_a-impure.o)
 .bss           0x0000000000045b1c        0x0 /home/gabriel/intelFPGA_lite/20.1/nios2eds/bin/gnu/H-x86_64-pc-linux-gnu/bin/../lib/gcc/nios2-elf/9.2.1/../../../../../H-x86_64-pc-linux-gnu/nios2-elf/lib/libc.a(lib_a-mallocr.o)
 .bss.__malloc_current_mallinfo
                0x0000000000045b1c       0x28 /home/gabriel/intelFPGA_lite/20.1/nios2eds/bin/gnu/H-x86_64-pc-linux-gnu/bin/../lib/gcc/nios2-elf/9.2.1/../../../../../H-x86_64-pc-linux-gnu/nios2-elf/lib/libc.a(lib_a-mallocr.o)
                0x0000000000045b1c                __malloc_current_mallinfo
 .bss           0x0000000000045b44        0x0 /home/gabriel/intelFPGA_lite/20.1/nios2eds/bin/gnu/H-x86_64-pc-linux-gnu/bin/../lib/gcc/nios2-elf/9.2.1/../../../../../H-x86_64-pc-linux-gnu/nios2-elf/lib/libc.a(lib_a-memchr.o)
 .bss           0x0000000000045b44        0x0 /home/gabriel/intelFPGA_lite/20.1/nios2eds/bin/gnu/H-x86_64-pc-linux-gnu/bin/../lib/gcc/nios2-elf/9.2.1/../../../../../H-x86_64-pc-linux-gnu/nios2-elf/lib/libc.a(lib_a-memcpy.o)
 .bss           0x0000000000045b44        0x0 /home/gabriel/intelFPGA_lite/20.1/nios2eds/bin/gnu/H-x86_64-pc-linux-gnu/bin/../lib/gcc/nios2-elf/9.2.1/../../../../../H-x86_64-pc-linux-gnu/nios2-elf/lib/libc.a(lib_a-memmove.o)
 .bss           0x0000000000045b44        0x0 /home/gabriel/intelFPGA_lite/20.1/nios2eds/bin/gnu/H-x86_64-pc-linux-gnu/bin/../lib/gcc/nios2-elf/9.2.1/../../../../../H-x86_64-pc-linux-gnu/nios2-elf/lib/libc.a(lib_a-memset.o)
 .bss           0x0000000000045b44        0x0 /home/gabriel/intelFPGA_lite/20.1/nios2eds/bin/gnu/H-x86_64-pc-linux-gnu/bin/../lib/gcc/nios2-elf/9.2.1/../../../../../H-x86_64-pc-linux-gnu/nios2-elf/lib/libc.a(lib_a-reallocr.o)
 .bss           0x0000000000045b44        0x0 /home/gabriel/intelFPGA_lite/20.1/nios2eds/bin/gnu/H-x86_64-pc-linux-gnu/bin/../lib/gcc/nios2-elf/9.2.1/../../../../../H-x86_64-pc-linux-gnu/nios2-elf/lib/libc.a(lib_a-sbrkr.o)
 .bss           0x0000000000045b44        0x0 /home/gabriel/intelFPGA_lite/20.1/nios2eds/bin/gnu/H-x86_64-pc-linux-gnu/bin/../lib/gcc/nios2-elf/9.2.1/../../../../../H-x86_64-pc-linux-gnu/nios2-elf/lib/libc.a(lib_a-stdio.o)
 .bss           0x0000000000045b44        0x0 /home/gabriel/intelFPGA_lite/20.1/nios2eds/bin/gnu/H-x86_64-pc-linux-gnu/bin/../lib/gcc/nios2-elf/9.2.1/../../../../../H-x86_64-pc-linux-gnu/nios2-elf/lib/libc.a(lib_a-writer.o)
 .bss           0x0000000000045b44        0x0 /home/gabriel/intelFPGA_lite/20.1/nios2eds/bin/gnu/H-x86_64-pc-linux-gnu/bin/../lib/gcc/nios2-elf/9.2.1/../../../../../H-x86_64-pc-linux-gnu/nios2-elf/lib/libc.a(lib_a-wsetup.o)
 .bss           0x0000000000045b44        0x0 /home/gabriel/intelFPGA_lite/20.1/nios2eds/bin/gnu/H-x86_64-pc-linux-gnu/bin/../lib/gcc/nios2-elf/9.2.1/../../../../../H-x86_64-pc-linux-gnu/nios2-elf/lib/libc.a(closer.o)
 .bss           0x0000000000045b44        0x0 /home/gabriel/intelFPGA_lite/20.1/nios2eds/bin/gnu/H-x86_64-pc-linux-gnu/bin/../lib/gcc/nios2-elf/9.2.1/../../../../../H-x86_64-pc-linux-gnu/nios2-elf/lib/libc.a(lib_a-fclose.o)
 .bss           0x0000000000045b44        0x0 /home/gabriel/intelFPGA_lite/20.1/nios2eds/bin/gnu/H-x86_64-pc-linux-gnu/bin/../lib/gcc/nios2-elf/9.2.1/../../../../../H-x86_64-pc-linux-gnu/nios2-elf/lib/libc.a(lib_a-fflush.o)
 .bss           0x0000000000045b44        0x0 /home/gabriel/intelFPGA_lite/20.1/nios2eds/bin/gnu/H-x86_64-pc-linux-gnu/bin/../lib/gcc/nios2-elf/9.2.1/../../../../../H-x86_64-pc-linux-gnu/nios2-elf/lib/libc.a(lib_a-freer.o)
 .bss           0x0000000000045b44        0x0 /home/gabriel/intelFPGA_lite/20.1/nios2eds/bin/gnu/H-x86_64-pc-linux-gnu/bin/../lib/gcc/nios2-elf/9.2.1/../../../../../H-x86_64-pc-linux-gnu/nios2-elf/lib/libc.a(lib_a-int_errno.o)
 .bss           0x0000000000045b44        0x0 /home/gabriel/intelFPGA_lite/20.1/nios2eds/bin/gnu/H-x86_64-pc-linux-gnu/bin/../lib/gcc/nios2-elf/9.2.1/../../../../../H-x86_64-pc-linux-gnu/nios2-elf/lib/libc.a(lib_a-lseekr.o)
 .bss           0x0000000000045b44        0x0 /home/gabriel/intelFPGA_lite/20.1/nios2eds/bin/gnu/H-x86_64-pc-linux-gnu/bin/../lib/gcc/nios2-elf/9.2.1/../../../../../H-x86_64-pc-linux-gnu/nios2-elf/lib/libc.a(lib_a-makebuf.o)
 .bss           0x0000000000045b44        0x0 /home/gabriel/intelFPGA_lite/20.1/nios2eds/bin/gnu/H-x86_64-pc-linux-gnu/bin/../lib/gcc/nios2-elf/9.2.1/../../../../../H-x86_64-pc-linux-gnu/nios2-elf/lib/libc.a(lib_a-readr.o)
 .bss           0x0000000000045b44        0x0 /home/gabriel/intelFPGA_lite/20.1/nios2eds/bin/gnu/H-x86_64-pc-linux-gnu/bin/../lib/gcc/nios2-elf/9.2.1/../../../../../H-x86_64-pc-linux-gnu/nios2-elf/lib/libc.a(lib_a-fstatr.o)
 .bss           0x0000000000045b44        0x0 /home/gabriel/intelFPGA_lite/20.1/nios2eds/bin/gnu/H-x86_64-pc-linux-gnu/bin/../lib/gcc/nios2-elf/9.2.1/../../../../../H-x86_64-pc-linux-gnu/nios2-elf/lib/libc.a(lib_a-isattyr.o)
 .bss           0x0000000000045b44        0x0 /home/gabriel/intelFPGA_lite/20.1/nios2eds/bin/gnu/H-x86_64-pc-linux-gnu/bin/../lib/gcc/nios2-elf/9.2.1/libgcc.a(lib2-divmod.o)
 .bss           0x0000000000045b44        0x0 ../niosLab2_bsp//libhal_bsp.a(alt_close.o)
 .bss           0x0000000000045b44        0x0 ../niosLab2_bsp//libhal_bsp.a(alt_dev.o)
 .bss           0x0000000000045b44        0x0 ../niosLab2_bsp//libhal_bsp.a(alt_errno.o)
 .bss           0x0000000000045b44        0x0 ../niosLab2_bsp//libhal_bsp.a(alt_fstat.o)
 .bss           0x0000000000045b44        0x0 ../niosLab2_bsp//libhal_bsp.a(alt_isatty.o)
 .bss           0x0000000000045b44        0x0 ../niosLab2_bsp//libhal_bsp.a(alt_load.o)
 .bss           0x0000000000045b44        0x0 ../niosLab2_bsp//libhal_bsp.a(alt_lseek.o)
 .bss           0x0000000000045b44        0x0 ../niosLab2_bsp//libhal_bsp.a(alt_main.o)
 .bss           0x0000000000045b44        0x0 ../niosLab2_bsp//libhal_bsp.a(alt_malloc_lock.o)
 .bss           0x0000000000045b44        0x0 ../niosLab2_bsp//libhal_bsp.a(alt_read.o)
 .bss           0x0000000000045b44        0x0 ../niosLab2_bsp//libhal_bsp.a(alt_release_fd.o)
 .bss           0x0000000000045b44        0x0 ../niosLab2_bsp//libhal_bsp.a(alt_sbrk.o)
 .bss           0x0000000000045b44        0x0 ../niosLab2_bsp//libhal_bsp.a(alt_usleep.o)
 .bss           0x0000000000045b44        0x0 ../niosLab2_bsp//libhal_bsp.a(alt_write.o)
 .bss           0x0000000000045b44        0x0 ../niosLab2_bsp//libhal_bsp.a(alt_sys_init.o)
 .bss           0x0000000000045b44        0x0 ../niosLab2_bsp//libhal_bsp.a(altera_avalon_jtag_uart_fd.o)
 .bss           0x0000000000045b44        0x0 ../niosLab2_bsp//libhal_bsp.a(altera_avalon_jtag_uart_read.o)
 .bss           0x0000000000045b44        0x0 ../niosLab2_bsp//libhal_bsp.a(altera_avalon_jtag_uart_write.o)
 .bss           0x0000000000045b44        0x0 ../niosLab2_bsp//libhal_bsp.a(alt_busy_sleep.o)
 .bss           0x0000000000045b44        0x0 ../niosLab2_bsp//libhal_bsp.a(alt_dcache_flush_all.o)
 .bss           0x0000000000045b44        0x0 ../niosLab2_bsp//libhal_bsp.a(alt_dev_llist_insert.o)
 .bss           0x0000000000045b44        0x0 ../niosLab2_bsp//libhal_bsp.a(alt_do_ctors.o)
 .bss           0x0000000000045b44        0x0 ../niosLab2_bsp//libhal_bsp.a(alt_do_dtors.o)
 .bss           0x0000000000045b44        0x0 ../niosLab2_bsp//libhal_bsp.a(alt_icache_flush_all.o)
 .bss           0x0000000000045b44        0x0 ../niosLab2_bsp//libhal_bsp.a(alt_io_redirect.o)
 .bss           0x0000000000045b44        0x0 ../niosLab2_bsp//libhal_bsp.a(alt_open.o)
 .bss           0x0000000000045b44        0x0 ../niosLab2_bsp//libhal_bsp.a(altera_nios2_gen2_irq.o)
 .bss           0x0000000000045b44        0x0 ../niosLab2_bsp//libhal_bsp.a(alt_find_dev.o)
 .bss           0x0000000000045b44        0x0 ../niosLab2_bsp//libhal_bsp.a(alt_find_file.o)
 .bss           0x0000000000045b44        0x0 ../niosLab2_bsp//libhal_bsp.a(alt_get_fd.o)
 .bss           0x0000000000045b44        0x0 ../niosLab2_bsp//libhal_bsp.a(alt_icache_flush.o)
 .bss           0x0000000000045b44        0x0 /home/gabriel/intelFPGA_lite/20.1/nios2eds/bin/gnu/H-x86_64-pc-linux-gnu/bin/../lib/gcc/nios2-elf/9.2.1/../../../../../H-x86_64-pc-linux-gnu/nios2-elf/lib/libc.a(lib_a-atexit.o)
 .bss           0x0000000000045b44        0x0 /home/gabriel/intelFPGA_lite/20.1/nios2eds/bin/gnu/H-x86_64-pc-linux-gnu/bin/../lib/gcc/nios2-elf/9.2.1/../../../../../H-x86_64-pc-linux-gnu/nios2-elf/lib/libc.a(lib_a-exit.o)
 .bss           0x0000000000045b44        0x0 /home/gabriel/intelFPGA_lite/20.1/nios2eds/bin/gnu/H-x86_64-pc-linux-gnu/bin/../lib/gcc/nios2-elf/9.2.1/../../../../../H-x86_64-pc-linux-gnu/nios2-elf/lib/libc.a(lib_a-memcmp.o)
 .bss           0x0000000000045b44        0x0 /home/gabriel/intelFPGA_lite/20.1/nios2eds/bin/gnu/H-x86_64-pc-linux-gnu/bin/../lib/gcc/nios2-elf/9.2.1/../../../../../H-x86_64-pc-linux-gnu/nios2-elf/lib/libc.a(lib_a-__atexit.o)
 .bss           0x0000000000045b44        0x0 /home/gabriel/intelFPGA_lite/20.1/nios2eds/bin/gnu/H-x86_64-pc-linux-gnu/bin/../lib/gcc/nios2-elf/9.2.1/../../../../../H-x86_64-pc-linux-gnu/nios2-elf/lib/libc.a(lib_a-__call_atexit.o)
 .bss           0x0000000000045b44        0x0 ../niosLab2_bsp//libhal_bsp.a(alt_exit.o)
 *(COMMON)
                0x0000000000045b44                . = ALIGN (0x4)
                0x0000000000045b44                __bss_end = ABSOLUTE (.)

.onchip_memory2_0
                0x0000000000045b44        0x0
                [!provide]                        PROVIDE (_alt_partition_onchip_memory2_0_start = ABSOLUTE (.))
 *(.onchip_memory2_0 .onchip_memory2_0. onchip_memory2_0.*)
                0x0000000000045b44                . = ALIGN (0x4)
                [!provide]                        PROVIDE (_alt_partition_onchip_memory2_0_end = ABSOLUTE (.))
                0x0000000000045b44                _end = ABSOLUTE (.)
                0x0000000000045b44                end = ABSOLUTE (.)
                0x0000000000045b44                __alt_stack_base = ABSOLUTE (.)
                [!provide]                        PROVIDE (_alt_partition_onchip_memory2_0_load_addr = LOADADDR (.onchip_memory2_0))

.stab
 *(.stab)

.stabstr
 *(.stabstr)

.stab.excl
 *(.stab.excl)

.stab.exclstr
 *(.stab.exclstr)

.stab.index
 *(.stab.index)

.stab.indexstr
 *(.stab.indexstr)

.comment        0x0000000000000000       0x2c
 *(.comment)
 .comment       0x0000000000000000       0x2c obj/default/hello_world.o
                                         0x2d (size before relaxing)
 .comment       0x000000000000002c       0x2d /home/gabriel/intelFPGA_lite/20.1/nios2eds/bin/gnu/H-x86_64-pc-linux-gnu/bin/../lib/gcc/nios2-elf/9.2.1/../../../../../H-x86_64-pc-linux-gnu/nios2-elf/lib/libc.a(lib_a-puts.o)
 .comment       0x000000000000002c       0x2d /home/gabriel/intelFPGA_lite/20.1/nios2eds/bin/gnu/H-x86_64-pc-linux-gnu/bin/../lib/gcc/nios2-elf/9.2.1/../../../../../H-x86_64-pc-linux-gnu/nios2-elf/lib/libc.a(lib_a-strlen.o)
 .comment       0x000000000000002c       0x2d /home/gabriel/intelFPGA_lite/20.1/nios2eds/bin/gnu/H-x86_64-pc-linux-gnu/bin/../lib/gcc/nios2-elf/9.2.1/../../../../../H-x86_64-pc-linux-gnu/nios2-elf/lib/libc.a(lib_a-findfp.o)
 .comment       0x000000000000002c       0x2d /home/gabriel/intelFPGA_lite/20.1/nios2eds/bin/gnu/H-x86_64-pc-linux-gnu/bin/../lib/gcc/nios2-elf/9.2.1/../../../../../H-x86_64-pc-linux-gnu/nios2-elf/lib/libc.a(lib_a-fvwrite.o)
 .comment       0x000000000000002c       0x2d /home/gabriel/intelFPGA_lite/20.1/nios2eds/bin/gnu/H-x86_64-pc-linux-gnu/bin/../lib/gcc/nios2-elf/9.2.1/../../../../../H-x86_64-pc-linux-gnu/nios2-elf/lib/libc.a(lib_a-fwalk.o)
 .comment       0x000000000000002c       0x2d /home/gabriel/intelFPGA_lite/20.1/nios2eds/bin/gnu/H-x86_64-pc-linux-gnu/bin/../lib/gcc/nios2-elf/9.2.1/../../../../../H-x86_64-pc-linux-gnu/nios2-elf/lib/libc.a(lib_a-impure.o)
 .comment       0x000000000000002c       0x2d /home/gabriel/intelFPGA_lite/20.1/nios2eds/bin/gnu/H-x86_64-pc-linux-gnu/bin/../lib/gcc/nios2-elf/9.2.1/../../../../../H-x86_64-pc-linux-gnu/nios2-elf/lib/libc.a(lib_a-mallocr.o)
 .comment       0x000000000000002c       0x2d /home/gabriel/intelFPGA_lite/20.1/nios2eds/bin/gnu/H-x86_64-pc-linux-gnu/bin/../lib/gcc/nios2-elf/9.2.1/../../../../../H-x86_64-pc-linux-gnu/nios2-elf/lib/libc.a(lib_a-memchr.o)
 .comment       0x000000000000002c       0x2d /home/gabriel/intelFPGA_lite/20.1/nios2eds/bin/gnu/H-x86_64-pc-linux-gnu/bin/../lib/gcc/nios2-elf/9.2.1/../../../../../H-x86_64-pc-linux-gnu/nios2-elf/lib/libc.a(lib_a-memcpy.o)
 .comment       0x000000000000002c       0x2d /home/gabriel/intelFPGA_lite/20.1/nios2eds/bin/gnu/H-x86_64-pc-linux-gnu/bin/../lib/gcc/nios2-elf/9.2.1/../../../../../H-x86_64-pc-linux-gnu/nios2-elf/lib/libc.a(lib_a-memmove.o)
 .comment       0x000000000000002c       0x2d /home/gabriel/intelFPGA_lite/20.1/nios2eds/bin/gnu/H-x86_64-pc-linux-gnu/bin/../lib/gcc/nios2-elf/9.2.1/../../../../../H-x86_64-pc-linux-gnu/nios2-elf/lib/libc.a(lib_a-memset.o)
 .comment       0x000000000000002c       0x2d /home/gabriel/intelFPGA_lite/20.1/nios2eds/bin/gnu/H-x86_64-pc-linux-gnu/bin/../lib/gcc/nios2-elf/9.2.1/../../../../../H-x86_64-pc-linux-gnu/nios2-elf/lib/libc.a(lib_a-reallocr.o)
 .comment       0x000000000000002c       0x2d /home/gabriel/intelFPGA_lite/20.1/nios2eds/bin/gnu/H-x86_64-pc-linux-gnu/bin/../lib/gcc/nios2-elf/9.2.1/../../../../../H-x86_64-pc-linux-gnu/nios2-elf/lib/libc.a(lib_a-sbrkr.o)
 .comment       0x000000000000002c       0x2d /home/gabriel/intelFPGA_lite/20.1/nios2eds/bin/gnu/H-x86_64-pc-linux-gnu/bin/../lib/gcc/nios2-elf/9.2.1/../../../../../H-x86_64-pc-linux-gnu/nios2-elf/lib/libc.a(lib_a-stdio.o)
 .comment       0x000000000000002c       0x2d /home/gabriel/intelFPGA_lite/20.1/nios2eds/bin/gnu/H-x86_64-pc-linux-gnu/bin/../lib/gcc/nios2-elf/9.2.1/../../../../../H-x86_64-pc-linux-gnu/nios2-elf/lib/libc.a(lib_a-writer.o)
 .comment       0x000000000000002c       0x2d /home/gabriel/intelFPGA_lite/20.1/nios2eds/bin/gnu/H-x86_64-pc-linux-gnu/bin/../lib/gcc/nios2-elf/9.2.1/../../../../../H-x86_64-pc-linux-gnu/nios2-elf/lib/libc.a(lib_a-wsetup.o)
 .comment       0x000000000000002c       0x2d /home/gabriel/intelFPGA_lite/20.1/nios2eds/bin/gnu/H-x86_64-pc-linux-gnu/bin/../lib/gcc/nios2-elf/9.2.1/../../../../../H-x86_64-pc-linux-gnu/nios2-elf/lib/libc.a(closer.o)
 .comment       0x000000000000002c       0x2d /home/gabriel/intelFPGA_lite/20.1/nios2eds/bin/gnu/H-x86_64-pc-linux-gnu/bin/../lib/gcc/nios2-elf/9.2.1/../../../../../H-x86_64-pc-linux-gnu/nios2-elf/lib/libc.a(lib_a-fclose.o)
 .comment       0x000000000000002c       0x2d /home/gabriel/intelFPGA_lite/20.1/nios2eds/bin/gnu/H-x86_64-pc-linux-gnu/bin/../lib/gcc/nios2-elf/9.2.1/../../../../../H-x86_64-pc-linux-gnu/nios2-elf/lib/libc.a(lib_a-fflush.o)
 .comment       0x000000000000002c       0x2d /home/gabriel/intelFPGA_lite/20.1/nios2eds/bin/gnu/H-x86_64-pc-linux-gnu/bin/../lib/gcc/nios2-elf/9.2.1/../../../../../H-x86_64-pc-linux-gnu/nios2-elf/lib/libc.a(lib_a-freer.o)
 .comment       0x000000000000002c       0x2d /home/gabriel/intelFPGA_lite/20.1/nios2eds/bin/gnu/H-x86_64-pc-linux-gnu/bin/../lib/gcc/nios2-elf/9.2.1/../../../../../H-x86_64-pc-linux-gnu/nios2-elf/lib/libc.a(lib_a-int_errno.o)
 .comment       0x000000000000002c       0x2d /home/gabriel/intelFPGA_lite/20.1/nios2eds/bin/gnu/H-x86_64-pc-linux-gnu/bin/../lib/gcc/nios2-elf/9.2.1/../../../../../H-x86_64-pc-linux-gnu/nios2-elf/lib/libc.a(lib_a-lseekr.o)
 .comment       0x000000000000002c       0x2d /home/gabriel/intelFPGA_lite/20.1/nios2eds/bin/gnu/H-x86_64-pc-linux-gnu/bin/../lib/gcc/nios2-elf/9.2.1/../../../../../H-x86_64-pc-linux-gnu/nios2-elf/lib/libc.a(lib_a-makebuf.o)
 .comment       0x000000000000002c       0x2d /home/gabriel/intelFPGA_lite/20.1/nios2eds/bin/gnu/H-x86_64-pc-linux-gnu/bin/../lib/gcc/nios2-elf/9.2.1/../../../../../H-x86_64-pc-linux-gnu/nios2-elf/lib/libc.a(lib_a-readr.o)
 .comment       0x000000000000002c       0x2d /home/gabriel/intelFPGA_lite/20.1/nios2eds/bin/gnu/H-x86_64-pc-linux-gnu/bin/../lib/gcc/nios2-elf/9.2.1/../../../../../H-x86_64-pc-linux-gnu/nios2-elf/lib/libc.a(lib_a-fstatr.o)
 .comment       0x000000000000002c       0x2d /home/gabriel/intelFPGA_lite/20.1/nios2eds/bin/gnu/H-x86_64-pc-linux-gnu/bin/../lib/gcc/nios2-elf/9.2.1/../../../../../H-x86_64-pc-linux-gnu/nios2-elf/lib/libc.a(lib_a-isattyr.o)
 .comment       0x000000000000002c       0x2d /home/gabriel/intelFPGA_lite/20.1/nios2eds/bin/gnu/H-x86_64-pc-linux-gnu/bin/../lib/gcc/nios2-elf/9.2.1/libgcc.a(lib2-divmod.o)
 .comment       0x000000000000002c       0x2d ../niosLab2_bsp//libhal_bsp.a(alt_close.o)
 .comment       0x000000000000002c       0x2d ../niosLab2_bsp//libhal_bsp.a(alt_dev.o)
 .comment       0x000000000000002c       0x2d ../niosLab2_bsp//libhal_bsp.a(alt_errno.o)
 .comment       0x000000000000002c       0x2d ../niosLab2_bsp//libhal_bsp.a(alt_fstat.o)
 .comment       0x000000000000002c       0x2d ../niosLab2_bsp//libhal_bsp.a(alt_isatty.o)
 .comment       0x000000000000002c       0x2d ../niosLab2_bsp//libhal_bsp.a(alt_load.o)
 .comment       0x000000000000002c       0x2d ../niosLab2_bsp//libhal_bsp.a(alt_lseek.o)
 .comment       0x000000000000002c       0x2d ../niosLab2_bsp//libhal_bsp.a(alt_main.o)
 .comment       0x000000000000002c       0x2d ../niosLab2_bsp//libhal_bsp.a(alt_malloc_lock.o)
 .comment       0x000000000000002c       0x2d ../niosLab2_bsp//libhal_bsp.a(alt_read.o)
 .comment       0x000000000000002c       0x2d ../niosLab2_bsp//libhal_bsp.a(alt_release_fd.o)
 .comment       0x000000000000002c       0x2d ../niosLab2_bsp//libhal_bsp.a(alt_sbrk.o)
 .comment       0x000000000000002c       0x2d ../niosLab2_bsp//libhal_bsp.a(alt_usleep.o)
 .comment       0x000000000000002c       0x2d ../niosLab2_bsp//libhal_bsp.a(alt_write.o)
 .comment       0x000000000000002c       0x2d ../niosLab2_bsp//libhal_bsp.a(alt_sys_init.o)
 .comment       0x000000000000002c       0x2d ../niosLab2_bsp//libhal_bsp.a(altera_avalon_jtag_uart_fd.o)
 .comment       0x000000000000002c       0x2d ../niosLab2_bsp//libhal_bsp.a(altera_avalon_jtag_uart_read.o)
 .comment       0x000000000000002c       0x2d ../niosLab2_bsp//libhal_bsp.a(altera_avalon_jtag_uart_write.o)
 .comment       0x000000000000002c       0x2d ../niosLab2_bsp//libhal_bsp.a(alt_busy_sleep.o)
 .comment       0x000000000000002c       0x2d ../niosLab2_bsp//libhal_bsp.a(alt_dcache_flush_all.o)
 .comment       0x000000000000002c       0x2d ../niosLab2_bsp//libhal_bsp.a(alt_dev_llist_insert.o)
 .comment       0x000000000000002c       0x2d ../niosLab2_bsp//libhal_bsp.a(alt_do_ctors.o)
 .comment       0x000000000000002c       0x2d ../niosLab2_bsp//libhal_bsp.a(alt_do_dtors.o)
 .comment       0x000000000000002c       0x2d ../niosLab2_bsp//libhal_bsp.a(alt_icache_flush_all.o)
 .comment       0x000000000000002c       0x2d ../niosLab2_bsp//libhal_bsp.a(alt_io_redirect.o)
 .comment       0x000000000000002c       0x2d ../niosLab2_bsp//libhal_bsp.a(alt_open.o)
 .comment       0x000000000000002c       0x2d ../niosLab2_bsp//libhal_bsp.a(altera_nios2_gen2_irq.o)
 .comment       0x000000000000002c       0x2d ../niosLab2_bsp//libhal_bsp.a(alt_find_dev.o)
 .comment       0x000000000000002c       0x2d ../niosLab2_bsp//libhal_bsp.a(alt_find_file.o)
 .comment       0x000000000000002c       0x2d ../niosLab2_bsp//libhal_bsp.a(alt_get_fd.o)
 .comment       0x000000000000002c       0x2d ../niosLab2_bsp//libhal_bsp.a(alt_icache_flush.o)
 .comment       0x000000000000002c       0x2d /home/gabriel/intelFPGA_lite/20.1/nios2eds/bin/gnu/H-x86_64-pc-linux-gnu/bin/../lib/gcc/nios2-elf/9.2.1/../../../../../H-x86_64-pc-linux-gnu/nios2-elf/lib/libc.a(lib_a-atexit.o)
 .comment       0x000000000000002c       0x2d /home/gabriel/intelFPGA_lite/20.1/nios2eds/bin/gnu/H-x86_64-pc-linux-gnu/bin/../lib/gcc/nios2-elf/9.2.1/../../../../../H-x86_64-pc-linux-gnu/nios2-elf/lib/libc.a(lib_a-exit.o)
 .comment       0x000000000000002c       0x2d /home/gabriel/intelFPGA_lite/20.1/nios2eds/bin/gnu/H-x86_64-pc-linux-gnu/bin/../lib/gcc/nios2-elf/9.2.1/../../../../../H-x86_64-pc-linux-gnu/nios2-elf/lib/libc.a(lib_a-memcmp.o)
 .comment       0x000000000000002c       0x2d /home/gabriel/intelFPGA_lite/20.1/nios2eds/bin/gnu/H-x86_64-pc-linux-gnu/bin/../lib/gcc/nios2-elf/9.2.1/../../../../../H-x86_64-pc-linux-gnu/nios2-elf/lib/libc.a(lib_a-__atexit.o)
 .comment       0x000000000000002c       0x2d /home/gabriel/intelFPGA_lite/20.1/nios2eds/bin/gnu/H-x86_64-pc-linux-gnu/bin/../lib/gcc/nios2-elf/9.2.1/../../../../../H-x86_64-pc-linux-gnu/nios2-elf/lib/libc.a(lib_a-__call_atexit.o)
 .comment       0x000000000000002c       0x2d ../niosLab2_bsp//libhal_bsp.a(alt_exit.o)

.debug
 *(.debug)

.line
 *(.line)

.debug_srcinfo
 *(.debug_srcinfo)

.debug_sfnames
 *(.debug_sfnames)

.debug_aranges  0x0000000000000000      0x8d0
 *(.debug_aranges)
 .debug_aranges
                0x0000000000000000       0x28 ../niosLab2_bsp//obj/HAL/src/crt0.o
 .debug_aranges
                0x0000000000000028       0x20 obj/default/hello_world.o
 .debug_aranges
                0x0000000000000048       0x28 /home/gabriel/intelFPGA_lite/20.1/nios2eds/bin/gnu/H-x86_64-pc-linux-gnu/bin/../lib/gcc/nios2-elf/9.2.1/../../../../../H-x86_64-pc-linux-gnu/nios2-elf/lib/libc.a(lib_a-puts.o)
 .debug_aranges
                0x0000000000000070       0x20 /home/gabriel/intelFPGA_lite/20.1/nios2eds/bin/gnu/H-x86_64-pc-linux-gnu/bin/../lib/gcc/nios2-elf/9.2.1/../../../../../H-x86_64-pc-linux-gnu/nios2-elf/lib/libc.a(lib_a-strlen.o)
 .debug_aranges
                0x0000000000000090       0x68 /home/gabriel/intelFPGA_lite/20.1/nios2eds/bin/gnu/H-x86_64-pc-linux-gnu/bin/../lib/gcc/nios2-elf/9.2.1/../../../../../H-x86_64-pc-linux-gnu/nios2-elf/lib/libc.a(lib_a-findfp.o)
 .debug_aranges
                0x00000000000000f8       0x20 /home/gabriel/intelFPGA_lite/20.1/nios2eds/bin/gnu/H-x86_64-pc-linux-gnu/bin/../lib/gcc/nios2-elf/9.2.1/../../../../../H-x86_64-pc-linux-gnu/nios2-elf/lib/libc.a(lib_a-fvwrite.o)
 .debug_aranges
                0x0000000000000118       0x28 /home/gabriel/intelFPGA_lite/20.1/nios2eds/bin/gnu/H-x86_64-pc-linux-gnu/bin/../lib/gcc/nios2-elf/9.2.1/../../../../../H-x86_64-pc-linux-gnu/nios2-elf/lib/libc.a(lib_a-fwalk.o)
 .debug_aranges
                0x0000000000000140       0x18 /home/gabriel/intelFPGA_lite/20.1/nios2eds/bin/gnu/H-x86_64-pc-linux-gnu/bin/../lib/gcc/nios2-elf/9.2.1/../../../../../H-x86_64-pc-linux-gnu/nios2-elf/lib/libc.a(lib_a-impure.o)
 .debug_aranges
                0x0000000000000158       0x20 /home/gabriel/intelFPGA_lite/20.1/nios2eds/bin/gnu/H-x86_64-pc-linux-gnu/bin/../lib/gcc/nios2-elf/9.2.1/../../../../../H-x86_64-pc-linux-gnu/nios2-elf/lib/libc.a(lib_a-mallocr.o)
 .debug_aranges
                0x0000000000000178       0x20 /home/gabriel/intelFPGA_lite/20.1/nios2eds/bin/gnu/H-x86_64-pc-linux-gnu/bin/../lib/gcc/nios2-elf/9.2.1/../../../../../H-x86_64-pc-linux-gnu/nios2-elf/lib/libc.a(lib_a-memchr.o)
 .debug_aranges
                0x0000000000000198       0x20 /home/gabriel/intelFPGA_lite/20.1/nios2eds/bin/gnu/H-x86_64-pc-linux-gnu/bin/../lib/gcc/nios2-elf/9.2.1/../../../../../H-x86_64-pc-linux-gnu/nios2-elf/lib/libc.a(lib_a-memcpy.o)
 .debug_aranges
                0x00000000000001b8       0x20 /home/gabriel/intelFPGA_lite/20.1/nios2eds/bin/gnu/H-x86_64-pc-linux-gnu/bin/../lib/gcc/nios2-elf/9.2.1/../../../../../H-x86_64-pc-linux-gnu/nios2-elf/lib/libc.a(lib_a-memmove.o)
 .debug_aranges
                0x00000000000001d8       0x20 /home/gabriel/intelFPGA_lite/20.1/nios2eds/bin/gnu/H-x86_64-pc-linux-gnu/bin/../lib/gcc/nios2-elf/9.2.1/../../../../../H-x86_64-pc-linux-gnu/nios2-elf/lib/libc.a(lib_a-memset.o)
 .debug_aranges
                0x00000000000001f8       0x20 /home/gabriel/intelFPGA_lite/20.1/nios2eds/bin/gnu/H-x86_64-pc-linux-gnu/bin/../lib/gcc/nios2-elf/9.2.1/../../../../../H-x86_64-pc-linux-gnu/nios2-elf/lib/libc.a(lib_a-reallocr.o)
 .debug_aranges
                0x0000000000000218       0x20 /home/gabriel/intelFPGA_lite/20.1/nios2eds/bin/gnu/H-x86_64-pc-linux-gnu/bin/../lib/gcc/nios2-elf/9.2.1/../../../../../H-x86_64-pc-linux-gnu/nios2-elf/lib/libc.a(lib_a-sbrkr.o)
 .debug_aranges
                0x0000000000000238       0x40 /home/gabriel/intelFPGA_lite/20.1/nios2eds/bin/gnu/H-x86_64-pc-linux-gnu/bin/../lib/gcc/nios2-elf/9.2.1/../../../../../H-x86_64-pc-linux-gnu/nios2-elf/lib/libc.a(lib_a-stdio.o)
 .debug_aranges
                0x0000000000000278       0x20 /home/gabriel/intelFPGA_lite/20.1/nios2eds/bin/gnu/H-x86_64-pc-linux-gnu/bin/../lib/gcc/nios2-elf/9.2.1/../../../../../H-x86_64-pc-linux-gnu/nios2-elf/lib/libc.a(lib_a-writer.o)
 .debug_aranges
                0x0000000000000298       0x20 /home/gabriel/intelFPGA_lite/20.1/nios2eds/bin/gnu/H-x86_64-pc-linux-gnu/bin/../lib/gcc/nios2-elf/9.2.1/../../../../../H-x86_64-pc-linux-gnu/nios2-elf/lib/libc.a(lib_a-wsetup.o)
 .debug_aranges
                0x00000000000002b8       0x20 /home/gabriel/intelFPGA_lite/20.1/nios2eds/bin/gnu/H-x86_64-pc-linux-gnu/bin/../lib/gcc/nios2-elf/9.2.1/../../../../../H-x86_64-pc-linux-gnu/nios2-elf/lib/libc.a(closer.o)
 .debug_aranges
                0x00000000000002d8       0x28 /home/gabriel/intelFPGA_lite/20.1/nios2eds/bin/gnu/H-x86_64-pc-linux-gnu/bin/../lib/gcc/nios2-elf/9.2.1/../../../../../H-x86_64-pc-linux-gnu/nios2-elf/lib/libc.a(lib_a-fclose.o)
 .debug_aranges
                0x0000000000000300       0x30 /home/gabriel/intelFPGA_lite/20.1/nios2eds/bin/gnu/H-x86_64-pc-linux-gnu/bin/../lib/gcc/nios2-elf/9.2.1/../../../../../H-x86_64-pc-linux-gnu/nios2-elf/lib/libc.a(lib_a-fflush.o)
 .debug_aranges
                0x0000000000000330       0x28 /home/gabriel/intelFPGA_lite/20.1/nios2eds/bin/gnu/H-x86_64-pc-linux-gnu/bin/../lib/gcc/nios2-elf/9.2.1/../../../../../H-x86_64-pc-linux-gnu/nios2-elf/lib/libc.a(lib_a-freer.o)
 .debug_aranges
                0x0000000000000358       0x18 /home/gabriel/intelFPGA_lite/20.1/nios2eds/bin/gnu/H-x86_64-pc-linux-gnu/bin/../lib/gcc/nios2-elf/9.2.1/../../../../../H-x86_64-pc-linux-gnu/nios2-elf/lib/libc.a(lib_a-int_errno.o)
 .debug_aranges
                0x0000000000000370       0x20 /home/gabriel/intelFPGA_lite/20.1/nios2eds/bin/gnu/H-x86_64-pc-linux-gnu/bin/../lib/gcc/nios2-elf/9.2.1/../../../../../H-x86_64-pc-linux-gnu/nios2-elf/lib/libc.a(lib_a-lseekr.o)
 .debug_aranges
                0x0000000000000390       0x28 /home/gabriel/intelFPGA_lite/20.1/nios2eds/bin/gnu/H-x86_64-pc-linux-gnu/bin/../lib/gcc/nios2-elf/9.2.1/../../../../../H-x86_64-pc-linux-gnu/nios2-elf/lib/libc.a(lib_a-makebuf.o)
 .debug_aranges
                0x00000000000003b8       0x20 /home/gabriel/intelFPGA_lite/20.1/nios2eds/bin/gnu/H-x86_64-pc-linux-gnu/bin/../lib/gcc/nios2-elf/9.2.1/../../../../../H-x86_64-pc-linux-gnu/nios2-elf/lib/libc.a(lib_a-readr.o)
 .debug_aranges
                0x00000000000003d8       0x20 /home/gabriel/intelFPGA_lite/20.1/nios2eds/bin/gnu/H-x86_64-pc-linux-gnu/bin/../lib/gcc/nios2-elf/9.2.1/../../../../../H-x86_64-pc-linux-gnu/nios2-elf/lib/libc.a(lib_a-fstatr.o)
 .debug_aranges
                0x00000000000003f8       0x20 /home/gabriel/intelFPGA_lite/20.1/nios2eds/bin/gnu/H-x86_64-pc-linux-gnu/bin/../lib/gcc/nios2-elf/9.2.1/../../../../../H-x86_64-pc-linux-gnu/nios2-elf/lib/libc.a(lib_a-isattyr.o)
 .debug_aranges
                0x0000000000000418       0x20 /home/gabriel/intelFPGA_lite/20.1/nios2eds/bin/gnu/H-x86_64-pc-linux-gnu/bin/../lib/gcc/nios2-elf/9.2.1/libgcc.a(lib2-divmod.o)
 .debug_aranges
                0x0000000000000438       0x20 ../niosLab2_bsp//libhal_bsp.a(alt_close.o)
 .debug_aranges
                0x0000000000000458       0x20 ../niosLab2_bsp//libhal_bsp.a(alt_dev.o)
 .debug_aranges
                0x0000000000000478       0x18 ../niosLab2_bsp//libhal_bsp.a(alt_errno.o)
 .debug_aranges
                0x0000000000000490       0x20 ../niosLab2_bsp//libhal_bsp.a(alt_fstat.o)
 .debug_aranges
                0x00000000000004b0       0x20 ../niosLab2_bsp//libhal_bsp.a(alt_isatty.o)
 .debug_aranges
                0x00000000000004d0       0x20 ../niosLab2_bsp//libhal_bsp.a(alt_load.o)
 .debug_aranges
                0x00000000000004f0       0x20 ../niosLab2_bsp//libhal_bsp.a(alt_lseek.o)
 .debug_aranges
                0x0000000000000510       0x20 ../niosLab2_bsp//libhal_bsp.a(alt_main.o)
 .debug_aranges
                0x0000000000000530       0x20 ../niosLab2_bsp//libhal_bsp.a(alt_malloc_lock.o)
 .debug_aranges
                0x0000000000000550       0x20 ../niosLab2_bsp//libhal_bsp.a(alt_read.o)
 .debug_aranges
                0x0000000000000570       0x20 ../niosLab2_bsp//libhal_bsp.a(alt_release_fd.o)
 .debug_aranges
                0x0000000000000590       0x20 ../niosLab2_bsp//libhal_bsp.a(alt_sbrk.o)
 .debug_aranges
                0x00000000000005b0       0x20 ../niosLab2_bsp//libhal_bsp.a(alt_usleep.o)
 .debug_aranges
                0x00000000000005d0       0x20 ../niosLab2_bsp//libhal_bsp.a(alt_write.o)
 .debug_aranges
                0x00000000000005f0       0x20 ../niosLab2_bsp//libhal_bsp.a(alt_sys_init.o)
 .debug_aranges
                0x0000000000000610       0x20 ../niosLab2_bsp//libhal_bsp.a(altera_avalon_jtag_uart_fd.o)
 .debug_aranges
                0x0000000000000630       0x20 ../niosLab2_bsp//libhal_bsp.a(altera_avalon_jtag_uart_read.o)
 .debug_aranges
                0x0000000000000650       0x20 ../niosLab2_bsp//libhal_bsp.a(altera_avalon_jtag_uart_write.o)
 .debug_aranges
                0x0000000000000670       0x20 ../niosLab2_bsp//libhal_bsp.a(alt_busy_sleep.o)
 .debug_aranges
                0x0000000000000690       0x20 ../niosLab2_bsp//libhal_bsp.a(alt_dcache_flush_all.o)
 .debug_aranges
                0x00000000000006b0       0x20 ../niosLab2_bsp//libhal_bsp.a(alt_dev_llist_insert.o)
 .debug_aranges
                0x00000000000006d0       0x20 ../niosLab2_bsp//libhal_bsp.a(alt_do_ctors.o)
 .debug_aranges
                0x00000000000006f0       0x20 ../niosLab2_bsp//libhal_bsp.a(alt_do_dtors.o)
 .debug_aranges
                0x0000000000000710       0x20 ../niosLab2_bsp//libhal_bsp.a(alt_icache_flush_all.o)
 .debug_aranges
                0x0000000000000730       0x20 ../niosLab2_bsp//libhal_bsp.a(alt_io_redirect.o)
 .debug_aranges
                0x0000000000000750       0x20 ../niosLab2_bsp//libhal_bsp.a(alt_open.o)
 .debug_aranges
                0x0000000000000770       0x20 ../niosLab2_bsp//libhal_bsp.a(altera_nios2_gen2_irq.o)
 .debug_aranges
                0x0000000000000790       0x20 ../niosLab2_bsp//libhal_bsp.a(alt_find_dev.o)
 .debug_aranges
                0x00000000000007b0       0x20 ../niosLab2_bsp//libhal_bsp.a(alt_find_file.o)
 .debug_aranges
                0x00000000000007d0       0x20 ../niosLab2_bsp//libhal_bsp.a(alt_get_fd.o)
 .debug_aranges
                0x00000000000007f0       0x20 ../niosLab2_bsp//libhal_bsp.a(alt_icache_flush.o)
 .debug_aranges
                0x0000000000000810       0x20 /home/gabriel/intelFPGA_lite/20.1/nios2eds/bin/gnu/H-x86_64-pc-linux-gnu/bin/../lib/gcc/nios2-elf/9.2.1/../../../../../H-x86_64-pc-linux-gnu/nios2-elf/lib/libc.a(lib_a-atexit.o)
 .debug_aranges
                0x0000000000000830       0x20 /home/gabriel/intelFPGA_lite/20.1/nios2eds/bin/gnu/H-x86_64-pc-linux-gnu/bin/../lib/gcc/nios2-elf/9.2.1/../../../../../H-x86_64-pc-linux-gnu/nios2-elf/lib/libc.a(lib_a-exit.o)
 .debug_aranges
                0x0000000000000850       0x20 /home/gabriel/intelFPGA_lite/20.1/nios2eds/bin/gnu/H-x86_64-pc-linux-gnu/bin/../lib/gcc/nios2-elf/9.2.1/../../../../../H-x86_64-pc-linux-gnu/nios2-elf/lib/libc.a(lib_a-memcmp.o)
 .debug_aranges
                0x0000000000000870       0x20 /home/gabriel/intelFPGA_lite/20.1/nios2eds/bin/gnu/H-x86_64-pc-linux-gnu/bin/../lib/gcc/nios2-elf/9.2.1/../../../../../H-x86_64-pc-linux-gnu/nios2-elf/lib/libc.a(lib_a-__atexit.o)
 .debug_aranges
                0x0000000000000890       0x20 /home/gabriel/intelFPGA_lite/20.1/nios2eds/bin/gnu/H-x86_64-pc-linux-gnu/bin/../lib/gcc/nios2-elf/9.2.1/../../../../../H-x86_64-pc-linux-gnu/nios2-elf/lib/libc.a(lib_a-__call_atexit.o)
 .debug_aranges
                0x00000000000008b0       0x20 ../niosLab2_bsp//libhal_bsp.a(alt_exit.o)

.debug_pubnames
 *(.debug_pubnames)

.debug_info     0x0000000000000000    0x2c6c5
 *(.debug_info .gnu.linkonce.wi.*)
 .debug_info    0x0000000000000000       0x22 ../niosLab2_bsp//obj/HAL/src/crt0.o
 .debug_info    0x0000000000000022      0x997 obj/default/hello_world.o
 .debug_info    0x00000000000009b9      0xced /home/gabriel/intelFPGA_lite/20.1/nios2eds/bin/gnu/H-x86_64-pc-linux-gnu/bin/../lib/gcc/nios2-elf/9.2.1/../../../../../H-x86_64-pc-linux-gnu/nios2-elf/lib/libc.a(lib_a-puts.o)
 .debug_info    0x00000000000016a6      0x97f /home/gabriel/intelFPGA_lite/20.1/nios2eds/bin/gnu/H-x86_64-pc-linux-gnu/bin/../lib/gcc/nios2-elf/9.2.1/../../../../../H-x86_64-pc-linux-gnu/nios2-elf/lib/libc.a(lib_a-strlen.o)
 .debug_info    0x0000000000002025     0x10c6 /home/gabriel/intelFPGA_lite/20.1/nios2eds/bin/gnu/H-x86_64-pc-linux-gnu/bin/../lib/gcc/nios2-elf/9.2.1/../../../../../H-x86_64-pc-linux-gnu/nios2-elf/lib/libc.a(lib_a-findfp.o)
 .debug_info    0x00000000000030eb      0xed1 /home/gabriel/intelFPGA_lite/20.1/nios2eds/bin/gnu/H-x86_64-pc-linux-gnu/bin/../lib/gcc/nios2-elf/9.2.1/../../../../../H-x86_64-pc-linux-gnu/nios2-elf/lib/libc.a(lib_a-fvwrite.o)
 .debug_info    0x0000000000003fbc      0xcb0 /home/gabriel/intelFPGA_lite/20.1/nios2eds/bin/gnu/H-x86_64-pc-linux-gnu/bin/../lib/gcc/nios2-elf/9.2.1/../../../../../H-x86_64-pc-linux-gnu/nios2-elf/lib/libc.a(lib_a-fwalk.o)
 .debug_info    0x0000000000004c6c      0x936 /home/gabriel/intelFPGA_lite/20.1/nios2eds/bin/gnu/H-x86_64-pc-linux-gnu/bin/../lib/gcc/nios2-elf/9.2.1/../../../../../H-x86_64-pc-linux-gnu/nios2-elf/lib/libc.a(lib_a-impure.o)
 .debug_info    0x00000000000055a2      0xf39 /home/gabriel/intelFPGA_lite/20.1/nios2eds/bin/gnu/H-x86_64-pc-linux-gnu/bin/../lib/gcc/nios2-elf/9.2.1/../../../../../H-x86_64-pc-linux-gnu/nios2-elf/lib/libc.a(lib_a-mallocr.o)
 .debug_info    0x00000000000064db      0x9ef /home/gabriel/intelFPGA_lite/20.1/nios2eds/bin/gnu/H-x86_64-pc-linux-gnu/bin/../lib/gcc/nios2-elf/9.2.1/../../../../../H-x86_64-pc-linux-gnu/nios2-elf/lib/libc.a(lib_a-memchr.o)
 .debug_info    0x0000000000006eca      0xf47 /home/gabriel/intelFPGA_lite/20.1/nios2eds/bin/gnu/H-x86_64-pc-linux-gnu/bin/../lib/gcc/nios2-elf/9.2.1/../../../../../H-x86_64-pc-linux-gnu/nios2-elf/lib/libc.a(lib_a-memcpy.o)
 .debug_info    0x0000000000007e11      0xf3d /home/gabriel/intelFPGA_lite/20.1/nios2eds/bin/gnu/H-x86_64-pc-linux-gnu/bin/../lib/gcc/nios2-elf/9.2.1/../../../../../H-x86_64-pc-linux-gnu/nios2-elf/lib/libc.a(lib_a-memmove.o)
 .debug_info    0x0000000000008d4e      0xf2d /home/gabriel/intelFPGA_lite/20.1/nios2eds/bin/gnu/H-x86_64-pc-linux-gnu/bin/../lib/gcc/nios2-elf/9.2.1/../../../../../H-x86_64-pc-linux-gnu/nios2-elf/lib/libc.a(lib_a-memset.o)
 .debug_info    0x0000000000009c7b      0xf15 /home/gabriel/intelFPGA_lite/20.1/nios2eds/bin/gnu/H-x86_64-pc-linux-gnu/bin/../lib/gcc/nios2-elf/9.2.1/../../../../../H-x86_64-pc-linux-gnu/nios2-elf/lib/libc.a(lib_a-reallocr.o)
 .debug_info    0x000000000000ab90      0xa06 /home/gabriel/intelFPGA_lite/20.1/nios2eds/bin/gnu/H-x86_64-pc-linux-gnu/bin/../lib/gcc/nios2-elf/9.2.1/../../../../../H-x86_64-pc-linux-gnu/nios2-elf/lib/libc.a(lib_a-sbrkr.o)
 .debug_info    0x000000000000b596      0xe6d /home/gabriel/intelFPGA_lite/20.1/nios2eds/bin/gnu/H-x86_64-pc-linux-gnu/bin/../lib/gcc/nios2-elf/9.2.1/../../../../../H-x86_64-pc-linux-gnu/nios2-elf/lib/libc.a(lib_a-stdio.o)
 .debug_info    0x000000000000c403      0xa38 /home/gabriel/intelFPGA_lite/20.1/nios2eds/bin/gnu/H-x86_64-pc-linux-gnu/bin/../lib/gcc/nios2-elf/9.2.1/../../../../../H-x86_64-pc-linux-gnu/nios2-elf/lib/libc.a(lib_a-writer.o)
 .debug_info    0x000000000000ce3b      0xbff /home/gabriel/intelFPGA_lite/20.1/nios2eds/bin/gnu/H-x86_64-pc-linux-gnu/bin/../lib/gcc/nios2-elf/9.2.1/../../../../../H-x86_64-pc-linux-gnu/nios2-elf/lib/libc.a(lib_a-wsetup.o)
 .debug_info    0x000000000000da3a      0x9e3 /home/gabriel/intelFPGA_lite/20.1/nios2eds/bin/gnu/H-x86_64-pc-linux-gnu/bin/../lib/gcc/nios2-elf/9.2.1/../../../../../H-x86_64-pc-linux-gnu/nios2-elf/lib/libc.a(closer.o)
 .debug_info    0x000000000000e41d      0xce5 /home/gabriel/intelFPGA_lite/20.1/nios2eds/bin/gnu/H-x86_64-pc-linux-gnu/bin/../lib/gcc/nios2-elf/9.2.1/../../../../../H-x86_64-pc-linux-gnu/nios2-elf/lib/libc.a(lib_a-fclose.o)
 .debug_info    0x000000000000f102      0xd81 /home/gabriel/intelFPGA_lite/20.1/nios2eds/bin/gnu/H-x86_64-pc-linux-gnu/bin/../lib/gcc/nios2-elf/9.2.1/../../../../../H-x86_64-pc-linux-gnu/nios2-elf/lib/libc.a(lib_a-fflush.o)
 .debug_info    0x000000000000fe83      0xda6 /home/gabriel/intelFPGA_lite/20.1/nios2eds/bin/gnu/H-x86_64-pc-linux-gnu/bin/../lib/gcc/nios2-elf/9.2.1/../../../../../H-x86_64-pc-linux-gnu/nios2-elf/lib/libc.a(lib_a-freer.o)
 .debug_info    0x0000000000010c29      0x92c /home/gabriel/intelFPGA_lite/20.1/nios2eds/bin/gnu/H-x86_64-pc-linux-gnu/bin/../lib/gcc/nios2-elf/9.2.1/../../../../../H-x86_64-pc-linux-gnu/nios2-elf/lib/libc.a(lib_a-int_errno.o)
 .debug_info    0x0000000000011555      0xa19 /home/gabriel/intelFPGA_lite/20.1/nios2eds/bin/gnu/H-x86_64-pc-linux-gnu/bin/../lib/gcc/nios2-elf/9.2.1/../../../../../H-x86_64-pc-linux-gnu/nios2-elf/lib/libc.a(lib_a-lseekr.o)
 .debug_info    0x0000000000011f6e      0xf81 /home/gabriel/intelFPGA_lite/20.1/nios2eds/bin/gnu/H-x86_64-pc-linux-gnu/bin/../lib/gcc/nios2-elf/9.2.1/../../../../../H-x86_64-pc-linux-gnu/nios2-elf/lib/libc.a(lib_a-makebuf.o)
 .debug_info    0x0000000000012eef      0xa31 /home/gabriel/intelFPGA_lite/20.1/nios2eds/bin/gnu/H-x86_64-pc-linux-gnu/bin/../lib/gcc/nios2-elf/9.2.1/../../../../../H-x86_64-pc-linux-gnu/nios2-elf/lib/libc.a(lib_a-readr.o)
 .debug_info    0x0000000000013920      0xc30 /home/gabriel/intelFPGA_lite/20.1/nios2eds/bin/gnu/H-x86_64-pc-linux-gnu/bin/../lib/gcc/nios2-elf/9.2.1/../../../../../H-x86_64-pc-linux-gnu/nios2-elf/lib/libc.a(lib_a-fstatr.o)
 .debug_info    0x0000000000014550      0x9e3 /home/gabriel/intelFPGA_lite/20.1/nios2eds/bin/gnu/H-x86_64-pc-linux-gnu/bin/../lib/gcc/nios2-elf/9.2.1/../../../../../H-x86_64-pc-linux-gnu/nios2-elf/lib/libc.a(lib_a-isattyr.o)
 .debug_info    0x0000000000014f33      0x368 /home/gabriel/intelFPGA_lite/20.1/nios2eds/bin/gnu/H-x86_64-pc-linux-gnu/bin/../lib/gcc/nios2-elf/9.2.1/libgcc.a(lib2-divmod.o)
 .debug_info    0x000000000001529b      0xc60 ../niosLab2_bsp//libhal_bsp.a(alt_close.o)
 .debug_info    0x0000000000015efb      0xe95 ../niosLab2_bsp//libhal_bsp.a(alt_dev.o)
 .debug_info    0x0000000000016d90      0x972 ../niosLab2_bsp//libhal_bsp.a(alt_errno.o)
 .debug_info    0x0000000000017702      0xe38 ../niosLab2_bsp//libhal_bsp.a(alt_fstat.o)
 .debug_info    0x000000000001853a      0xe3b ../niosLab2_bsp//libhal_bsp.a(alt_isatty.o)
 .debug_info    0x0000000000019375      0x9f5 ../niosLab2_bsp//libhal_bsp.a(alt_load.o)
 .debug_info    0x0000000000019d6a      0xc95 ../niosLab2_bsp//libhal_bsp.a(alt_lseek.o)
 .debug_info    0x000000000001a9ff      0xe76 ../niosLab2_bsp//libhal_bsp.a(alt_main.o)
 .debug_info    0x000000000001b875      0x95c ../niosLab2_bsp//libhal_bsp.a(alt_malloc_lock.o)
 .debug_info    0x000000000001c1d1      0xeb1 ../niosLab2_bsp//libhal_bsp.a(alt_read.o)
 .debug_info    0x000000000001d082      0x2e9 ../niosLab2_bsp//libhal_bsp.a(alt_release_fd.o)
 .debug_info    0x000000000001d36b      0xa6b ../niosLab2_bsp//libhal_bsp.a(alt_sbrk.o)
 .debug_info    0x000000000001ddd6      0x10b ../niosLab2_bsp//libhal_bsp.a(alt_usleep.o)
 .debug_info    0x000000000001dee1      0xeb8 ../niosLab2_bsp//libhal_bsp.a(alt_write.o)
 .debug_info    0x000000000001ed99      0xca5 ../niosLab2_bsp//libhal_bsp.a(alt_sys_init.o)
 .debug_info    0x000000000001fa3e      0x3cd ../niosLab2_bsp//libhal_bsp.a(altera_avalon_jtag_uart_fd.o)
 .debug_info    0x000000000001fe0b      0xab7 ../niosLab2_bsp//libhal_bsp.a(altera_avalon_jtag_uart_read.o)
 .debug_info    0x00000000000208c2      0xa93 ../niosLab2_bsp//libhal_bsp.a(altera_avalon_jtag_uart_write.o)
 .debug_info    0x0000000000021355      0x972 ../niosLab2_bsp//libhal_bsp.a(alt_busy_sleep.o)
 .debug_info    0x0000000000021cc7      0x942 ../niosLab2_bsp//libhal_bsp.a(alt_dcache_flush_all.o)
 .debug_info    0x0000000000022609      0xa6e ../niosLab2_bsp//libhal_bsp.a(alt_dev_llist_insert.o)
 .debug_info    0x0000000000023077       0x88 ../niosLab2_bsp//libhal_bsp.a(alt_do_ctors.o)
 .debug_info    0x00000000000230ff       0x88 ../niosLab2_bsp//libhal_bsp.a(alt_do_dtors.o)
 .debug_info    0x0000000000023187      0x934 ../niosLab2_bsp//libhal_bsp.a(alt_icache_flush_all.o)
 .debug_info    0x0000000000023abb      0xe75 ../niosLab2_bsp//libhal_bsp.a(alt_io_redirect.o)
 .debug_info    0x0000000000024930      0xc9f ../niosLab2_bsp//libhal_bsp.a(alt_open.o)
 .debug_info    0x00000000000255cf      0x955 ../niosLab2_bsp//libhal_bsp.a(altera_nios2_gen2_irq.o)
 .debug_info    0x0000000000025f24      0xbb2 ../niosLab2_bsp//libhal_bsp.a(alt_find_dev.o)
 .debug_info    0x0000000000026ad6      0xba3 ../niosLab2_bsp//libhal_bsp.a(alt_find_file.o)
 .debug_info    0x0000000000027679      0xbea ../niosLab2_bsp//libhal_bsp.a(alt_get_fd.o)
 .debug_info    0x0000000000028263      0x97b ../niosLab2_bsp//libhal_bsp.a(alt_icache_flush.o)
 .debug_info    0x0000000000028bde      0x9a1 /home/gabriel/intelFPGA_lite/20.1/nios2eds/bin/gnu/H-x86_64-pc-linux-gnu/bin/../lib/gcc/nios2-elf/9.2.1/../../../../../H-x86_64-pc-linux-gnu/nios2-elf/lib/libc.a(lib_a-atexit.o)
 .debug_info    0x000000000002957f      0x9dc /home/gabriel/intelFPGA_lite/20.1/nios2eds/bin/gnu/H-x86_64-pc-linux-gnu/bin/../lib/gcc/nios2-elf/9.2.1/../../../../../H-x86_64-pc-linux-gnu/nios2-elf/lib/libc.a(lib_a-exit.o)
 .debug_info    0x0000000000029f5b      0x9ce /home/gabriel/intelFPGA_lite/20.1/nios2eds/bin/gnu/H-x86_64-pc-linux-gnu/bin/../lib/gcc/nios2-elf/9.2.1/../../../../../H-x86_64-pc-linux-gnu/nios2-elf/lib/libc.a(lib_a-memcmp.o)
 .debug_info    0x000000000002a929      0x9db /home/gabriel/intelFPGA_lite/20.1/nios2eds/bin/gnu/H-x86_64-pc-linux-gnu/bin/../lib/gcc/nios2-elf/9.2.1/../../../../../H-x86_64-pc-linux-gnu/nios2-elf/lib/libc.a(lib_a-__atexit.o)